 mod_authn_ntlm

 Timestamp is 589804ce (Mon Feb 06 14:08:30 2017)

 Preferred load address is 6ed00000

 Start         Length     Name                   Class
 0001:00000000 0000e4e4H .text                   CODE
 0001:0000e4f0 0000019eH .text$x                 CODE
 0001:0000e690 0000000cH .text$yc                CODE
 0001:0000e6a0 0000000cH .text$yd                CODE
 0002:00000000 000001f8H .idata$5                DATA
 0002:000001f8 00000004H .CRT$XCA                DATA
 0002:000001fc 00000004H .CRT$XCU                DATA
 0002:00000200 00000004H .CRT$XCZ                DATA
 0002:00000204 00000004H .CRT$XIA                DATA
 0002:00000208 00000010H .CRT$XIC                DATA
 0002:00000218 00000004H .CRT$XIZ                DATA
 0002:0000021c 00000004H .CRT$XPA                DATA
 0002:00000220 00000008H .CRT$XPX                DATA
 0002:00000228 00000004H .CRT$XPXA               DATA
 0002:0000022c 00000004H .CRT$XPZ                DATA
 0002:00000230 00000004H .CRT$XTA                DATA
 0002:00000234 00000004H .CRT$XTZ                DATA
 0002:00000238 000054b8H .rdata                  DATA
 0002:000056f0 00000170H .rdata$r                DATA
 0002:00005860 00000034H .rdata$sxdata           DATA
 0002:00005894 00000004H .rtc$IAA                DATA
 0002:00005898 00000004H .rtc$IZZ                DATA
 0002:0000589c 00000004H .rtc$TAA                DATA
 0002:000058a0 00000004H .rtc$TZZ                DATA
 0002:000058a8 000006ccH .xdata$x                DATA
 0002:00005f74 000000a0H .idata$2                DATA
 0002:00006014 00000014H .idata$3                DATA
 0002:00006028 000001f8H .idata$4                DATA
 0002:00006220 000008d2H .idata$6                DATA
 0002:00006b00 00000055H .edata                  DATA
 0003:00000000 00001198H .data                   DATA
 0003:000011a0 00001ef0H .bss                    DATA

  Address         Publics by Value              Rva+Base       Lib:Object

 0000:00000000       __except_list              00000000     <absolute>
 0000:0000000d       ___safe_se_handler_count   0000000d     <absolute>
 0000:00000000       ___ImageBase               6ed00000     <linker-defined>
 0001:00000080       _get_sspi_config_rec       6ed01080 f   mod_ntlm.obj
 0001:00000550       _authenticate_sspi_user    6ed01550 f   mod_ntlm_authentication.obj
 0001:00000b20       _cleanup_sspi_connection   6ed01b20 f   mod_ntlm_authentication.obj
 0001:00001320       _is_member                 6ed02320 f   mod_ntlm_authorization.obj
 0001:00001480       _sspi_common_authz_check   6ed02480 f   mod_ntlm_authorization.obj
 0001:00001570       _sspi_group_check_authorization 6ed02570 f   mod_ntlm_authorization.obj
 0001:00001610       _sspi_user_check_authorization 6ed02610 f   mod_ntlm_authorization.obj
 0001:000016d0       _sspi_valid_check_authorization 6ed026d0 f   mod_ntlm_authorization.obj
 0001:00001790       _create_sspi_dir_config    6ed02790 f   mod_ntlm_interface.obj
 0001:00001900       _get_sspi_header           6ed02900 f   mod_ntlm_interface.obj
 0001:00001ad0       _note_sspi_auth_challenge  6ed02ad0 f   mod_ntlm_interface.obj
 0001:00001b50       _note_sspi_auth_failure    6ed02b50 f   mod_ntlm_interface.obj
 0001:00001cd0       _uuencode_binary           6ed02cd0 f   mod_ntlm_interface.obj
 0001:00001d10       ??0Data_t@_bstr_t@@QAE@ABV1@0@Z 6ed02d10 f i mod_ntlm_activeds.obj
 0001:00001e10       ??0_bstr_t@@QAE@PBD@Z      6ed02e10 f i mod_ntlm_activeds.obj
 0001:00001ea0       ??0_bstr_t@@QAE@PB_W@Z     6ed02ea0 f i mod_ntlm_activeds.obj
 0001:00001f40       ??1?$_com_ptr_t@V?$_com_IIID@UIADsADSystemInfo@ActiveDs@@$1?_GUID_5bb11929_afd1_11d2_9cb9_0000f87a369e@@3U__s_GUID@@B@@@@QAE@XZ 6ed02f40 f i mod_ntlm_activeds.obj
 0001:00001f40       ??1?$_com_ptr_t@V?$_com_IIID@UIADsUser@ActiveDs@@$1?_GUID_3e37e320_17e2_11cf_abc4_02608c9e7553@@3U__s_GUID@@B@@@@QAE@XZ 6ed02f40 f i mod_ntlm_activeds.obj
 0001:00001f50       ??1_bstr_t@@QAE@XZ         6ed02f50 f i mod_ntlm_activeds.obj
 0001:00001f50       ?_Free@_bstr_t@@AAEXXZ     6ed02f50 f i mod_ntlm_activeds.obj
 0001:00001fb0       ??1_com_error@@UAE@XZ      6ed02fb0 f i mod_ntlm_activeds.obj
 0001:00001fe0       ??1_variant_t@@QAE@XZ      6ed02fe0 f i mod_ntlm_activeds.obj
 0001:00001ff0       ??4_bstr_t@@QAEAAV0@ABV_variant_t@@@Z 6ed02ff0 f i mod_ntlm_activeds.obj
 0001:000020a0       ??4_bstr_t@@QAEAAV0@PB_W@Z 6ed030a0 f i mod_ntlm_activeds.obj
 0001:00002160       ??H_bstr_t@@QBE?AV0@ABV0@@Z 6ed03160 f i mod_ntlm_activeds.obj
 0001:000021d0       ??Y_bstr_t@@QAEAAV0@ABV0@@Z 6ed031d0 f i mod_ntlm_activeds.obj
 0001:00002260       ??_G_com_error@@UAEPAXI@Z  6ed03260 f i mod_ntlm_activeds.obj
 0001:00002260       ??_E_com_error@@UAEPAXI@Z  6ed03260 f i mod_ntlm_activeds.obj
 0001:000022a0       ?Get@IADs@ActiveDs@@QAE?AV_variant_t@@V_bstr_t@@@Z 6ed032a0 f i mod_ntlm_activeds.obj
 0001:00002390       ?GetUserNameA@IADsADSystemInfo@ActiveDs@@QAE?AV_bstr_t@@XZ 6ed03390 f i mod_ntlm_activeds.obj
 0001:000024a0       _SetRemoteUserAttribute    6ed034a0 f   mod_ntlm_activeds.obj
 0001:000026f6       _ap_set_flag_slot          6ed036f6 f   libhttpd:libhttpd.dll
 0001:000026fc       _ap_set_string_slot        6ed036fc f   libhttpd:libhttpd.dll
 0001:00002702       @__security_check_cookie@4 6ed03702 f   LIBCMT:secchk.obj
 0001:00002720       __except_handler4          6ed03720 f   LIBCMT:chandler4.obj
 0001:000028c0       __local_unwind4            6ed038c0 f   LIBCMT:exsup4.obj
 0001:00002996       __seh_longjmp_unwind4@4    6ed03996 f   LIBCMT:exsup4.obj
 0001:000029b2       @_EH4_CallFilterFunc@8     6ed039b2 f   LIBCMT:exsup4.obj
 0001:000029c9       @_EH4_TransferToHandler@8  6ed039c9 f   LIBCMT:exsup4.obj
 0001:000029e2       @_EH4_GlobalUnwind2@8      6ed039e2 f   LIBCMT:exsup4.obj
 0001:000029fb       @_EH4_LocalUnwind@16       6ed039fb f   LIBCMT:exsup4.obj
 0001:00002a20       _memset                    6ed03a20 f   LIBCMT:memset.obj
 0001:00002ab0       _strchr                    6ed03ab0 f   LIBCMT:strchr.obj
 0001:00002b1e       ___from_strstr_to_strchr   6ed03b1e     LIBCMT:strchr.obj
 0001:00002bdb       ??0_LocaleUpdate@@QAE@PAUlocaleinfo_struct@@@Z 6ed03bdb f i LIBCMT:strlwr.obj
 0001:00002c63       ?_strlwr_s_l_stat@@YAHPADIPAUlocaleinfo_struct@@@Z 6ed03c63 f   LIBCMT:strlwr.obj
 0001:00002dd5       __freea                    6ed03dd5 f i LIBCMT:strlwr.obj
 0001:00002df3       __strlwr_s                 6ed03df3 f   LIBCMT:strlwr.obj
 0001:00002e08       __strlwr_s_l               6ed03e08 f   LIBCMT:strlwr.obj
 0001:00002fac       __strupr_s                 6ed03fac f   LIBCMT:strupr.obj
 0001:00002fc1       __strupr_s_l               6ed03fc1 f   LIBCMT:strupr.obj
 0001:00002ff3       ??0bad_alloc@std@@QAE@ABV01@@Z 6ed03ff3 f i LIBCMT:new.obj
 0001:0000300e       ??1bad_alloc@std@@UAE@XZ   6ed0400e f i LIBCMT:new.obj
 0001:00003019       ??2@YAPAXI@Z               6ed04019 f   LIBCMT:new.obj
 0001:00003068       ??_Gbad_alloc@std@@UAEPAXI@Z 6ed04068 f i LIBCMT:new.obj
 0001:00003068       ??_Ebad_alloc@std@@UAEPAXI@Z 6ed04068 f i LIBCMT:new.obj
 0001:0000308d       ??3@YAXPAX@Z               6ed0408d f   LIBCMT:delete.obj
 0001:00003092       _memcpy_s                  6ed04092 f   LIBCMT:memcpy_s.obj
 0001:000031df       ?_CallCatchBlock2@@YAPAXPAUEHRegistrationNode@@PBU_s_FuncInfo@@PAXHK@Z 6ed041df f   LIBCMT:_trnsctrl_.obj
 0001:0000323d       ?_CallMemberFunction2@@YGXPAX00H@Z 6ed0423d f   LIBCMT:_trnsctrl_.obj
 0001:0000323d       ?_CallMemberFunction1@@YGXPAX00@Z 6ed0423d f   LIBCMT:_trnsctrl_.obj
 0001:0000323d       ?_CallMemberFunction0@@YGXPAX0@Z 6ed0423d f   LIBCMT:_trnsctrl_.obj
 0001:00003244       ?_CallSETranslator@@YAHPAUEHExceptionRecord@@PAUEHRegistrationNode@@PAX2PBU_s_FuncInfo@@H1@Z 6ed04244 f   LIBCMT:_trnsctrl_.obj
 0001:00003319       ?_GetRangeOfTrysToCheck@@YAPBU_s_TryBlockMapEntry@@PBU_s_FuncInfo@@HHPAI1@Z 6ed04319 f   LIBCMT:_trnsctrl_.obj
 0001:00003398       ?_JumpToContinuation@@YGXPAXPAUEHRegistrationNode@@@Z 6ed04398 f   LIBCMT:_trnsctrl_.obj
 0001:000033c8       ?_UnwindNestedFrames@@YGXPAUEHRegistrationNode@@PAUEHExceptionRecord@@@Z 6ed043c8 f   LIBCMT:_trnsctrl_.obj
 0001:0000341b       __CreateFrameInfo          6ed0441b f   LIBCMT:_trnsctrl_.obj
 0001:00003445       __FindAndUnlinkFrame       6ed04445 f   LIBCMT:_trnsctrl_.obj
 0001:00003495       __IsExceptionObjectToBeDestroyed 6ed04495 f   LIBCMT:_trnsctrl_.obj
 0001:000034be       ___CxxFrameHandler3        6ed044be f   LIBCMT:_trnsctrl_.obj
 0001:000034f4       ??1type_info@@UAE@XZ       6ed044f4 f   LIBCMT:typinfo.obj
 0001:00003502       ??8type_info@@QBE_NABV0@@Z 6ed04502 f   LIBCMT:typinfo.obj
 0001:00003520       ??_Etype_info@@UAEPAXI@Z   6ed04520 f i LIBCMT:typinfo.obj
 0001:00003520       ??_Gtype_info@@UAEPAXI@Z   6ed04520 f i LIBCMT:typinfo.obj
 0001:0000353f       __CRT_INIT@12              6ed0453f f   LIBCMT:dllcrt0.obj
 0001:000036b1       __DllMainCRTStartup@12     6ed046b1 f   LIBCMT:dllcrt0.obj
 0001:000037e2       ___DllXcptFilter           6ed047e2 f   LIBCMT:dllcrt0.obj
 0001:00003807       ___raise_securityfailure   6ed04807 f   LIBCMT:gs_report.obj
 0001:00003844       ___report_gsfailure        6ed04844 f   LIBCMT:gs_report.obj
 0001:00003940       __FindPESection            6ed04940 f   LIBCMT:pesect.obj
 0001:00003990       __IsNonwritableInCurrentImage 6ed04990 f   LIBCMT:pesect.obj
 0001:00003a50       __ValidateImageBase        6ed04a50 f   LIBCMT:pesect.obj
 0001:00003a90       __global_unwind2           6ed04a90 f   LIBCMT:exsup.obj
 0001:00003af5       __local_unwind2            6ed04af5 f   LIBCMT:exsup.obj
 0001:00003b79       __abnormal_termination     6ed04b79 f   LIBCMT:exsup.obj
 0001:00003b9c       __NLG_Notify1              6ed04b9c f   LIBCMT:exsup.obj
 0001:00003ba5       __NLG_Notify               6ed04ba5 f   LIBCMT:exsup.obj
 0001:00003bbc       __NLG_Dispatch             6ed04bbc     LIBCMT:exsup.obj
 0001:00003bbc       __NLG_Dispatch2            6ed04bbc     LIBCMT:exsup.obj
 0001:00003bc4       __NLG_Call                 6ed04bc4 f   LIBCMT:exsup.obj
 0001:00003bc6       __NLG_Return2              6ed04bc6     LIBCMT:exsup.obj
 0001:00003bc7       __VEC_memset               6ed04bc7 f   LIBCMT:p4_memset.obj
 0001:00003c8f       ___isa_available_init      6ed04c8f f   LIBCMT:cpu_disp.obj
 0001:00003dc8       __call_reportfault         6ed04dc8 f   LIBCMT:invarg.obj
 0001:00003eeb       __initp_misc_invarg        6ed04eeb f   LIBCMT:invarg.obj
 0001:00003ef8       __invalid_parameter        6ed04ef8 f   LIBCMT:invarg.obj
 0001:00003f23       __invalid_parameter_noinfo 6ed04f23 f   LIBCMT:invarg.obj
 0001:00003f33       __invoke_watson            6ed04f33 f   LIBCMT:invarg.obj
 0001:00003f5e       _strcpy_s                  6ed04f5e f   LIBCMT:strcpy_s.obj
 0001:00003fb3       _strnlen                   6ed04fb3 f   LIBCMT:strlen_s.obj
 0001:00003fce       _free                      6ed04fce f   LIBCMT:free.obj
 0001:00004006       _malloc                    6ed05006 f   LIBCMT:malloc.obj
 0001:00004098       ___addlocaleref            6ed05098 f   LIBCMT:localref.obj
 0001:00004128       ___freetlocinfo            6ed05128 f   LIBCMT:localref.obj
 0001:00004282       ___removelocaleref         6ed05282 f   LIBCMT:localref.obj
 0001:0000431d       ___updatetlocinfo          6ed0531d f   LIBCMT:localref.obj
 0001:00004399       __updatetlocinfoEx_nolock  6ed05399 f   LIBCMT:localref.obj
 0001:000043e4       ___initmbctable            6ed053e4 f   LIBCMT:mbctype.obj
 0001:0000469f       ___updatetmbcinfo          6ed0569f f   LIBCMT:mbctype.obj
 0001:00004744       __setmbcp                  6ed05744 f   LIBCMT:mbctype.obj
 0001:000048f2       __setmbcp_nolock           6ed058f2 f   LIBCMT:mbctype.obj
 0001:00004cd0       ___crtLCMapStringA         6ed05cd0 f   LIBCMT:a_map.obj
 0001:00004d14       __freefls@4                6ed05d14 f   LIBCMT:tidtable.obj
 0001:00004e4b       __freeptd                  6ed05e4b f   LIBCMT:tidtable.obj
 0001:00004e81       __getptd                   6ed05e81 f   LIBCMT:tidtable.obj
 0001:00004e99       __getptd_noexit            6ed05e99 f   LIBCMT:tidtable.obj
 0001:00004f08       __initptd                  6ed05f08 f   LIBCMT:tidtable.obj
 0001:00004fbd       __mtinit                   6ed05fbd f   LIBCMT:tidtable.obj
 0001:00005033       __mtterm                   6ed06033 f   LIBCMT:tidtable.obj
 0001:00005050       ___doserrno                6ed06050 f   LIBCMT:dosmap.obj
 0001:00005063       __dosmaperr                6ed06063 f   LIBCMT:dosmap.obj
 0001:00005084       __errno                    6ed06084 f   LIBCMT:dosmap.obj
 0001:00005097       __get_errno_from_oserr     6ed06097 f   LIBCMT:dosmap.obj
 0001:000050e0       __alloca_probe_16          6ed060e0 f   LIBCMT:alloca16.obj
 0001:000050f6       __alloca_probe_8           6ed060f6     LIBCMT:alloca16.obj
 0001:0000510c       __locterm                  6ed0610c f   LIBCMT:wsetloca.obj
 0001:0000515e       ??0exception@std@@QAE@ABQBD@Z 6ed0615e f   LIBCMT:stdexcpt.obj
 0001:00005183       ??0exception@std@@QAE@ABQBDH@Z 6ed06183 f   LIBCMT:stdexcpt.obj
 0001:0000519e       ??0exception@std@@QAE@ABV01@@Z 6ed0619e f   LIBCMT:stdexcpt.obj
 0001:000051c1       ??1exception@std@@UAE@XZ   6ed061c1 f   LIBCMT:stdexcpt.obj
 0001:000051cc       ??4exception@std@@QAEAAV01@ABV01@@Z 6ed061cc f   LIBCMT:stdexcpt.obj
 0001:000051ff       ??_Eexception@std@@UAEPAXI@Z 6ed061ff f i LIBCMT:stdexcpt.obj
 0001:000051ff       ??_Gexception@std@@UAEPAXI@Z 6ed061ff f i LIBCMT:stdexcpt.obj
 0001:00005224       ?_Copy_str@exception@std@@AAEXPBD@Z 6ed06224 f   LIBCMT:stdexcpt.obj
 0001:00005262       ?_Tidy@exception@std@@AAEXXZ 6ed06262 f   LIBCMT:stdexcpt.obj
 0001:0000527e       ?what@exception@std@@UBEPBDXZ 6ed0627e f   LIBCMT:stdexcpt.obj
 0001:0000528b       __callnewh                 6ed0628b f   LIBCMT:handler.obj
 0001:000052b1       __initp_heap_handler       6ed062b1 f   LIBCMT:handler.obj
 0001:000052be       __CxxThrowException@8      6ed062be f   LIBCMT:throw.obj
 0001:00005320       _memcpy                    6ed06320 f   LIBCMT:memcpy.obj
 0001:00005970       __CallSettingFrame@12      6ed06970 f   LIBCMT:lowhelpr.obj
 0001:00005997       __NLG_Return               6ed06997     LIBCMT:lowhelpr.obj
 0001:000059bc       ?_inconsistency@@YAXXZ     6ed069bc f   LIBCMT:hooks.obj
 0001:000059f4       ?terminate@@YAXXZ          6ed069f4 f   LIBCMT:hooks.obj
 0001:00005a28       ?unexpected@@YAXXZ         6ed06a28 f   LIBCMT:hooks.obj
 0001:00005a3b       __initp_eh_hooks           6ed06a3b f   LIBCMT:hooks.obj
 0001:00005a4c       ___DestructExceptionObject 6ed06a4c f   LIBCMT:frame.obj
 0001:00005ad7       ??0bad_exception@std@@QAE@ABV01@@Z 6ed06ad7 f i LIBCMT:frame.obj
 0001:00005af2       ??1bad_exception@std@@UAE@XZ 6ed06af2 f i LIBCMT:frame.obj
 0001:00005afd       ??_Ebad_exception@std@@UAEPAXI@Z 6ed06afd f i LIBCMT:frame.obj
 0001:00005afd       ??_Gbad_exception@std@@UAEPAXI@Z 6ed06afd f i LIBCMT:frame.obj
 0001:00006333       ___AdjustPointer           6ed07333 f   LIBCMT:frame.obj
 0001:00006358       ___BuildCatchObject        6ed07358 f   LIBCMT:frame.obj
 0001:000063e6       ___BuildCatchObjectHelper  6ed073e6 f   LIBCMT:frame.obj
 0001:0000656b       ___FrameUnwindFilter       6ed0756b f   LIBCMT:frame.obj
 0001:000065b9       ___FrameUnwindToState      6ed075b9 f   LIBCMT:frame.obj
 0001:00006692       ___InternalCxxFrameHandler 6ed07692 f   LIBCMT:frame.obj
 0001:00006771       ___TypeMatch               6ed07771 f   LIBCMT:frame.obj
 0001:000067d0       _strcmp                    6ed077d0 f   LIBCMT:strcmp.obj
 0001:0000685c       ?_Type_info_dtor@type_info@@CAXPAV1@@Z 6ed0785c f   LIBCMT:typname.obj
 0001:000068cd       __XcptFilter               6ed078cd f   LIBCMT:winxfltr.obj
 0001:00006a28       ___CppXcptFilter           6ed07a28 f   LIBCMT:winxfltr.obj
 0001:00006a46       ___crtCorExitProcess       6ed07a46 f   LIBCMT:crt0dat.obj
 0001:00006a78       ___crtExitProcess          6ed07a78 f   LIBCMT:crt0dat.obj
 0001:00006a8e       ___freeCrtMemory           6ed07a8e f   LIBCMT:crt0dat.obj
 0001:00006b9e       __amsg_exit                6ed07b9e f   LIBCMT:crt0dat.obj
 0001:00006bba       __cexit                    6ed07bba f   LIBCMT:crt0dat.obj
 0001:00006bc9       __cinit                    6ed07bc9 f   LIBCMT:crt0dat.obj
 0001:00006c5a       __exit                     6ed07c5a f   LIBCMT:crt0dat.obj
 0001:00006c6e       __init_pointers            6ed07c6e f   LIBCMT:crt0dat.obj
 0001:00006cc2       __initterm_e               6ed07cc2 f   LIBCMT:crt0dat.obj
 0001:00006ce4       __lockexit                 6ed07ce4 f   LIBCMT:crt0dat.obj
 0001:00006ced       __unlockexit               6ed07ced f   LIBCMT:crt0dat.obj
 0001:00006e25       __heap_init                6ed07e25 f   LIBCMT:heapinit.obj
 0001:00006e3a       __heap_term                6ed07e3a f   LIBCMT:heapinit.obj
 0001:00006e42       __ioinit                   6ed07e42 f   LIBCMT:ioinit.obj
 0001:000070f0       __ioterm                   6ed080f0 f   LIBCMT:ioinit.obj
 0001:00007142       __setargv                  6ed08142 f   LIBCMT:stdargv.obj
 0001:0000736f       __setenvp                  6ed0836f f   LIBCMT:stdenvp.obj
 0001:00007450       ___security_init_cookie    6ed08450 f   LIBCMT:gs_support.obj
 0001:000074ea       _DllMain@12                6ed084ea f   LIBCMT:dllmain.obj
 0001:000074f0       ___crtGetEnvironmentStringsA 6ed084f0 f   LIBCMT:a_env.obj
 0001:0000757b       ___crtFlsAlloc             6ed0857b f   LIBCMT:winapisupp.obj
 0001:00007599       ___crtFlsFree              6ed08599 f   LIBCMT:winapisupp.obj
 0001:000075b8       ___crtFlsGetValue          6ed085b8 f   LIBCMT:winapisupp.obj
 0001:000075d7       ___crtFlsSetValue          6ed085d7 f   LIBCMT:winapisupp.obj
 0001:000075f9       ___crtIsPackagedApp        6ed085f9 f   LIBCMT:winapisupp.obj
 0001:00007637       ___crtLoadWinApiPointers   6ed08637 f   LIBCMT:winapisupp.obj
 0001:00007876       ___crtTerminateProcess     6ed08876 f   LIBCMT:winapisupp.obj
 0001:0000788b       ___crtUnhandledException   6ed0888b f   LIBCMT:winapisupp.obj
 0001:000078a1       __calloc_crt               6ed088a1 f   LIBCMT:crtheap.obj
 0001:000078eb       __malloc_crt               6ed088eb f   LIBCMT:crtheap.obj
 0001:00007934       __realloc_crt              6ed08934 f   LIBCMT:crtheap.obj
 0001:00007980       __RTC_Initialize           6ed08980 f   LIBCMT:initsect.obj
 0001:000079a0       __RTC_Terminate            6ed089a0 f   LIBCMT:initsect.obj
 0001:000079c0       __SEH_prolog4              6ed089c0 f   LIBCMT:sehprolg4.obj
 0001:00007a05       __SEH_epilog4              6ed08a05 f   LIBCMT:sehprolg4.obj
 0001:00007a19       __crt_debugger_hook        6ed08a19 f   LIBCMT:dbghook.obj
 0001:00007a21       __FF_MSGBANNER             6ed08a21 f   LIBCMT:crt0msg.obj
 0001:00007a5a       __GET_RTERRMSG             6ed08a5a f   LIBCMT:crt0msg.obj
 0001:00007a7e       __NMSG_WRITE               6ed08a7e f   LIBCMT:crt0msg.obj
 0001:00007c39       __lock                     6ed08c39 f   LIBCMT:mlock.obj
 0001:00007c6d       __mtdeletelocks            6ed08c6d f   LIBCMT:mlock.obj
 0001:00007cc1       __mtinitlocknum            6ed08cc1 f   LIBCMT:mlock.obj
 0001:00007d68       __mtinitlocks              6ed08d68 f   LIBCMT:mlock.obj
 0001:00007d9d       __unlock                   6ed08d9d f   LIBCMT:mlock.obj
 0001:00007db2       ___free_lconv_mon          6ed08db2 f   LIBCMT:initmon.obj
 0001:00007eae       ___free_lconv_num          6ed08eae f   LIBCMT:initnum.obj
 0001:00007f15       ___free_lc_time            6ed08f15 f   LIBCMT:inittime.obj
 0001:00008381       ___crtGetStringTypeA       6ed09381 f   LIBCMT:a_str.obj
 0001:000083bf       _GetTableIndexFromLocaleName 6ed093bf f   LIBCMT:winapinls.obj
 0001:0000840d       ___crtDownlevelLocaleNameToLCID 6ed0940d f   LIBCMT:winapinls.obj
 0001:00008437       ___crtLCMapStringEx        6ed09437 f   LIBCMT:winapinls.obj
 0001:00008483       ___wcsnicmp_ascii          6ed09483 f   LIBCMT:winapinls.obj
 0001:00008500       __chkstk                   6ed09500 f   LIBCMT:chkstk.obj
 0001:00008500       __alloca_probe             6ed09500     LIBCMT:chkstk.obj
 0001:0000852b       _wcscat_s                  6ed0952b f   LIBCMT:wcscat_s.obj
 0001:00008597       _wcscpy_s                  6ed09597 f   LIBCMT:wcscpy_s.obj
 0001:000085f3       _wcslen                    6ed095f3 f   LIBCMT:wcslen.obj
 0001:0000860c       _wcsncpy_s                 6ed0960c f   LIBCMT:wcsncpy_s.obj
 0001:000086d0       _strlen                    6ed096d0 f   LIBCMT:strlen.obj
 0001:0000875b       _abort                     6ed0975b f   LIBCMT:abort.obj
 0001:000087a0       _memmove                   6ed097a0 f   LIBCMT:memmove.obj
 0001:00008de4       ?_ValidateExecute@@YAHP6GHXZ@Z 6ed09de4 f   LIBCMT:validate.obj
 0001:00008de4       ?_ValidateRead@@YAHPBXI@Z  6ed09de4 f   LIBCMT:validate.obj
 0001:00008de4       ?_ValidateWrite@@YAHPAXI@Z 6ed09de4 f   LIBCMT:validate.obj
 0001:00008df3       __EH_prolog3_catch         6ed09df3 f   LIBCMT:ehprolg3.obj
 0001:00008e29       ___onexitinit              6ed09e29 f   LIBCMT:onexit.obj
 0001:00008e58       __onexit                   6ed09e58 f   LIBCMT:onexit.obj
 0001:00008f4e       _atexit                    6ed09f4e f   LIBCMT:onexit.obj
 0001:00008f63       __initp_misc_cfltcvt_tab   6ed09f63 f   LIBCMT:cmiscdat.obj
 0001:00008f82       __initp_misc_purevirt      6ed09f82 f   LIBCMT:inithelp.obj
 0001:00008f8f       __initp_misc_rand_s        6ed09f8f f   LIBCMT:rand_s.obj
 0001:00008f9c       ___get_sigabrt             6ed09f9c f   LIBCMT:winsig.obj
 0001:00008fa9       __initp_misc_winsig        6ed09fa9 f   LIBCMT:winsig.obj
 0001:00008fc5       _raise                     6ed09fc5 f   LIBCMT:winsig.obj
 0001:000091b6       ___initstdio               6ed0a1b6 f   LIBCMT:_file.obj
 0001:00009229       ___endstdio                6ed0a229 f   LIBCMT:_file.obj
 0001:00009250       __lock_file                6ed0a250 f   LIBCMT:_file.obj
 0001:0000928f       __lock_file2               6ed0a28f f   LIBCMT:_file.obj
 0001:000092bf       __unlock_file              6ed0a2bf f   LIBCMT:_file.obj
 0001:000092f9       __unlock_file2             6ed0a2f9 f   LIBCMT:_file.obj
 0001:0000937c       __ismbblead                6ed0a37c f   LIBCMT:ismbbyte.obj
 0001:00009392       _realloc                   6ed0a392 f   LIBCMT:realloc.obj
 0001:0000943d       __calloc_impl              6ed0a43d f   LIBCMT:calloc_impl.obj
 0001:000094b7       __set_error_mode           6ed0a4b7 f   LIBCMT:errmode.obj
 0001:000094f7       ___crtMessageBoxW          6ed0a4f7 f   LIBCMT:crtmboxw.obj
 0001:000096e0       __aulldvrm                 6ed0a6e0 f   LIBCMT:ulldvrm.obj
 0001:00009775       __msize                    6ed0a775 f   LIBCMT:msize.obj
 0001:000097a6       __fptrap                   6ed0a7a6 f   LIBCMT:crt0fp.obj
 0001:000097af       __fileno                   6ed0a7af f   LIBCMT:fileno.obj
 0001:000097d3       __isatty                   6ed0a7d3 f   LIBCMT:isatty.obj
 0001:00009827       __fflush_nolock            6ed0a827 f   LIBCMT:fflush.obj
 0001:0000986d       __flush                    6ed0a86d f   LIBCMT:fflush.obj
 0001:000098d1       __flushall                 6ed0a8d1 f   LIBCMT:fflush.obj
 0001:000099be       __fcloseall                6ed0a9be f   LIBCMT:closeall.obj
 0001:00009a5b       __commit                   6ed0aa5b f   LIBCMT:commit.obj
 0001:00009b41       __write                    6ed0ab41 f   LIBCMT:write.obj
 0001:00009c26       __write_nolock             6ed0ac26 f   LIBCMT:write.obj
 0001:0000a450       __fclose_nolock            6ed0b450 f   LIBCMT:fclose.obj
 0001:0000a4bc       _fclose                    6ed0b4bc f   LIBCMT:fclose.obj
 0001:0000a540       __allmul                   6ed0b540 f   LIBCMT:llmul.obj
 0001:0000a574       __isctype_l                6ed0b574 f   LIBCMT:isctype.obj
 0001:0000a623       ___lock_fhandle            6ed0b623 f   LIBCMT:osfinfo.obj
 0001:0000a6af       __free_osfhnd              6ed0b6af f   LIBCMT:osfinfo.obj
 0001:0000a735       __get_osfhandle            6ed0b735 f   LIBCMT:osfinfo.obj
 0001:0000a79c       __unlock_fhandle           6ed0b79c f   LIBCMT:osfinfo.obj
 0001:0000a7c2       __isleadbyte_l             6ed0b7c2 f i LIBCMT:_wctype.obj
 0001:0000a7f8       _isleadbyte                6ed0b7f8 f i LIBCMT:_wctype.obj
 0001:0000a809       __lseeki64_nolock          6ed0b809 f   LIBCMT:lseeki64.obj
 0001:0000a87a       __mbtowc_l                 6ed0b87a f   LIBCMT:mbtowc.obj
 0001:0000a96d       _mbtowc                    6ed0b96d f   LIBCMT:mbtowc.obj
 0001:0000a985       __putwch_nolock            6ed0b985 f   LIBCMT:putwch.obj
 0001:0000a9c6       __close                    6ed0b9c6 f   LIBCMT:close.obj
 0001:0000aa90       __close_nolock             6ed0ba90 f   LIBCMT:close.obj
 0001:0000ab2a       __freebuf                  6ed0bb2a f   LIBCMT:_freebuf.obj
 0001:0000ab5a       ___termconout              6ed0bb5a f   LIBCMT:initcon.obj
 0001:0000ab71       ___initconout              6ed0bb71 f   LIBCMT:initcon.obj
 0001:0000ab90       _ADsGetObject@12           6ed0bb90 f   activeds:ACTIVEDS.dll
 0001:0000aba0       ?_com_issue_error@@YGXJ@Z  6ed0bba0 f   comsuppw:comsupp.obj
 0001:0000abc0       ?_com_issue_errorex@@YGXJPAUIUnknown@@ABU_GUID@@@Z 6ed0bbc0 f   comsuppw:comsupp.obj
 0001:0000ac40       ?ConvertStringToBSTR@_com_util@@YGPA_WPBD@Z 6ed0bc40 f   comsuppw:comutil.obj
 0001:0000adc0       ??0_com_error@@QAE@ABV0@@Z 6ed0bdc0 f i comsuppw:comraise.obj
 0001:0000ae00       ?_com_raise_error@@YGXJPAUIErrorInfo@@@Z 6ed0be00 f   comsuppw:comraise.obj
 0001:0000ae30       _RtlUnwind@16              6ed0be30 f   kernel32:KERNEL32.dll
 0001:0000ae36       _IsProcessorFeaturePresent@4 6ed0be36 f   kernel32:KERNEL32.dll
 0001:0000ae3c       ___ascii_stricmp           6ed0be3c f   LIBCMT:stricmp.obj
 0001:0000ae75       _stricmp                   6ed0be75 f   LIBCMT:stricmp.obj
 0001:0000ae75       __stricmp                  6ed0be75 f   LIBCMT:stricmp.obj
 0001:0000aebc       __stricmp_l                6ed0bebc f   LIBCMT:stricmp.obj
 0001:0000af4f       __fpmath                   6ed0bf4f f   LIBCMT:fpinit.obj
 0001:0000af66       __cfltcvt_init             6ed0bf66 f   LIBCMT:fpinit.obj
 0001:0000afc6       __tolower_l                6ed0bfc6 f   LIBCMT:tolower.obj
 0001:0000b107       _tolower                   6ed0c107 f   LIBCMT:tolower.obj
 0001:0000b133       __cfltcvt                  6ed0c133 f   LIBCMT:cvt.obj
 0001:0000b154       __cfltcvt_l                6ed0c154 f   LIBCMT:cvt.obj
 0001:0000b1da       __cftoa_l                  6ed0c1da f   LIBCMT:cvt.obj
 0001:0000b534       __cftoe                    6ed0c534 f   LIBCMT:cvt.obj
 0001:0000b6a1       __cftoe_l                  6ed0c6a1 f   LIBCMT:cvt.obj
 0001:0000b857       __cftof_l                  6ed0c857 f   LIBCMT:cvt.obj
 0001:0000b916       __cftog_l                  6ed0c916 f   LIBCMT:cvt.obj
 0001:0000ba13       __cropzeros                6ed0ca13 f   LIBCMT:cvt.obj
 0001:0000ba24       __cropzeros_l              6ed0ca24 f   LIBCMT:cvt.obj
 0001:0000baa2       __fassign                  6ed0caa2 f   LIBCMT:cvt.obj
 0001:0000baba       __fassign_l                6ed0caba f   LIBCMT:cvt.obj
 0001:0000bafa       __forcdecpt                6ed0cafa f   LIBCMT:cvt.obj
 0001:0000bb0b       __forcdecpt_l              6ed0cb0b f   LIBCMT:cvt.obj
 0001:0000bb7d       __positive                 6ed0cb7d f   LIBCMT:cvt.obj
 0001:0000bbbf       __setdefaultprecision      6ed0cbbf f   LIBCMT:fp8.obj
 0001:0000bbe6       __isdigit_l                6ed0cbe6 f i LIBCMT:_ctype.obj
 0001:0000bc36       _isdigit                   6ed0cc36 f i LIBCMT:_ctype.obj
 0001:0000bc70       _strrchr                   6ed0cc70 f   LIBCMT:strrchr.obj
 0001:0000bda7       __fptostr                  6ed0cda7 f   LIBCMT:_fptostr.obj
 0001:0000be57       __atodbl_l                 6ed0ce57 f   LIBCMT:atodbl.obj
 0001:0000bee3       __atoflt_l                 6ed0cee3 f   LIBCMT:atodbl.obj
 0001:0000bf6f       ___dtold                   6ed0cf6f f   LIBCMT:cfout.obj
 0001:0000c035       __fltout2                  6ed0d035 f   LIBCMT:cfout.obj
 0001:0000c0d0       __alldvrm                  6ed0d0d0 f   LIBCMT:lldvrm.obj
 0001:0000c1b0       __aullshr                  6ed0d1b0 f   LIBCMT:ullshr.obj
 0001:0000c1cf       __controlfp_s              6ed0d1cf f   LIBCMT:contrlfp.obj
 0001:0000c22c       __ld12tod                  6ed0d22c f   LIBCMT:intrncvt.obj
 0001:0000c79c       __ld12tof                  6ed0d79c f   LIBCMT:intrncvt.obj
 0001:0000cd0c       ___strgtold12_l            6ed0dd0c f   LIBCMT:strgtold.obj
 0001:0000d488       _$I10_OUTPUT               6ed0e488 f   LIBCMT:x10fout.obj
 0001:0000def5       __control87                6ed0eef5 f i LIBCMT:ieee87.obj
 0001:0000e28c       ___mtold12                 6ed0f28c f   LIBCMT:mantold.obj
 0001:0000e46e       ___set_fpsr_sse2           6ed0f46e f   LIBCMT:fpctrl.obj
 0002:00000000       __imp__ADsGetObject@12     6ed10000     activeds:ACTIVEDS.dll
 0002:00000004       \177ACTIVEDS_NULL_THUNK_DATA 6ed10004     activeds:ACTIVEDS.dll
 0002:00000008       __imp__CheckTokenMembership@12 6ed10008     advapi32:ADVAPI32.dll
 0002:0000000c       __imp__OpenThreadToken@16  6ed1000c     advapi32:ADVAPI32.dll
 0002:00000010       __imp__LookupAccountNameA@28 6ed10010     advapi32:ADVAPI32.dll
 0002:00000014       \177ADVAPI32_NULL_THUNK_DATA 6ed10014     advapi32:ADVAPI32.dll
 0002:00000018       __imp__GetConsoleMode@8    6ed10018     kernel32:KERNEL32.dll
 0002:0000001c       __imp__GetConsoleCP@0      6ed1001c     kernel32:KERNEL32.dll
 0002:00000020       __imp__FlushFileBuffers@4  6ed10020     kernel32:KERNEL32.dll
 0002:00000024       __imp__HeapSize@12         6ed10024     kernel32:KERNEL32.dll
 0002:00000028       __imp__LoadLibraryW@4      6ed10028     kernel32:KERNEL32.dll
 0002:0000002c       __imp__OutputDebugStringW@4 6ed1002c     kernel32:KERNEL32.dll
 0002:00000030       __imp__HeapReAlloc@16      6ed10030     kernel32:KERNEL32.dll
 0002:00000034       __imp__LoadLibraryExW@12   6ed10034     kernel32:KERNEL32.dll
 0002:00000038       __imp__LCMapStringW@24     6ed10038     kernel32:KERNEL32.dll
 0002:0000003c       __imp__GetStringTypeW@16   6ed1003c     kernel32:KERNEL32.dll
 0002:00000040       __imp__SetStdHandle@8      6ed10040     kernel32:KERNEL32.dll
 0002:00000044       __imp__LeaveCriticalSection@4 6ed10044     kernel32:KERNEL32.dll
 0002:00000048       __imp__EnterCriticalSection@4 6ed10048     kernel32:KERNEL32.dll
 0002:0000004c       __imp__lstrlenA@4          6ed1004c     kernel32:KERNEL32.dll
 0002:00000050       __imp__WriteFile@20        6ed10050     kernel32:KERNEL32.dll
 0002:00000054       __imp__Sleep@4             6ed10054     kernel32:KERNEL32.dll
 0002:00000058       __imp__GetLastError@0      6ed10058     kernel32:KERNEL32.dll
 0002:0000005c       __imp__GetVersionExA@4     6ed1005c     kernel32:KERNEL32.dll
 0002:00000060       __imp__FreeLibrary@4       6ed10060     kernel32:KERNEL32.dll
 0002:00000064       __imp__GetProcAddress@8    6ed10064     kernel32:KERNEL32.dll
 0002:00000068       __imp__LoadLibraryA@4      6ed10068     kernel32:KERNEL32.dll
 0002:0000006c       __imp__WideCharToMultiByte@32 6ed1006c     kernel32:KERNEL32.dll
 0002:00000070       __imp__CloseHandle@4       6ed10070     kernel32:KERNEL32.dll
 0002:00000074       __imp__GetCurrentThread@0  6ed10074     kernel32:KERNEL32.dll
 0002:00000078       __imp__lstrcmpiA@8         6ed10078     kernel32:KERNEL32.dll
 0002:0000007c       __imp__InterlockedIncrement@4 6ed1007c     kernel32:KERNEL32.dll
 0002:00000080       __imp__InterlockedDecrement@4 6ed10080     kernel32:KERNEL32.dll
 0002:00000084       __imp__LocalFree@4         6ed10084     kernel32:KERNEL32.dll
 0002:00000088       __imp__SetFilePointerEx@20 6ed10088     kernel32:KERNEL32.dll
 0002:0000008c       __imp__WriteConsoleW@20    6ed1008c     kernel32:KERNEL32.dll
 0002:00000090       __imp__CreateFileW@28      6ed10090     kernel32:KERNEL32.dll
 0002:00000094       __imp__GetModuleHandleW@4  6ed10094     kernel32:KERNEL32.dll
 0002:00000098       __imp__TlsFree@4           6ed10098     kernel32:KERNEL32.dll
 0002:0000009c       __imp__TlsSetValue@8       6ed1009c     kernel32:KERNEL32.dll
 0002:000000a0       __imp__TlsGetValue@4       6ed100a0     kernel32:KERNEL32.dll
 0002:000000a4       __imp__TlsAlloc@0          6ed100a4     kernel32:KERNEL32.dll
 0002:000000a8       __imp__TerminateProcess@8  6ed100a8     kernel32:KERNEL32.dll
 0002:000000ac       __imp__GetCurrentProcess@0 6ed100ac     kernel32:KERNEL32.dll
 0002:000000b0       __imp__GetModuleFileNameW@12 6ed100b0     kernel32:KERNEL32.dll
 0002:000000b4       __imp__RtlUnwind@16        6ed100b4     kernel32:KERNEL32.dll
 0002:000000b8       __imp__SetUnhandledExceptionFilter@4 6ed100b8     kernel32:KERNEL32.dll
 0002:000000bc       __imp__UnhandledExceptionFilter@4 6ed100bc     kernel32:KERNEL32.dll
 0002:000000c0       __imp__FreeEnvironmentStringsW@4 6ed100c0     kernel32:KERNEL32.dll
 0002:000000c4       __imp__GetEnvironmentStringsW@0 6ed100c4     kernel32:KERNEL32.dll
 0002:000000c8       __imp__GetSystemTimeAsFileTime@4 6ed100c8     kernel32:KERNEL32.dll
 0002:000000cc       __imp__GetCurrentProcessId@0 6ed100cc     kernel32:KERNEL32.dll
 0002:000000d0       __imp__QueryPerformanceCounter@4 6ed100d0     kernel32:KERNEL32.dll
 0002:000000d4       __imp__GetModuleFileNameA@12 6ed100d4     kernel32:KERNEL32.dll
 0002:000000d8       __imp__GetStartupInfoW@4   6ed100d8     kernel32:KERNEL32.dll
 0002:000000dc       __imp__DeleteCriticalSection@4 6ed100dc     kernel32:KERNEL32.dll
 0002:000000e0       __imp__InitializeCriticalSectionAndSpinCount@8 6ed100e0     kernel32:KERNEL32.dll
 0002:000000e4       __imp__GetFileType@4       6ed100e4     kernel32:KERNEL32.dll
 0002:000000e8       __imp__GetStdHandle@4      6ed100e8     kernel32:KERNEL32.dll
 0002:000000ec       __imp__GetCommandLineA@0   6ed100ec     kernel32:KERNEL32.dll
 0002:000000f0       __imp__GetCurrentThreadId@0 6ed100f0     kernel32:KERNEL32.dll
 0002:000000f4       __imp__IsDebuggerPresent@0 6ed100f4     kernel32:KERNEL32.dll
 0002:000000f8       __imp__IsProcessorFeaturePresent@4 6ed100f8     kernel32:KERNEL32.dll
 0002:000000fc       __imp__EncodePointer@4     6ed100fc     kernel32:KERNEL32.dll
 0002:00000100       __imp__DecodePointer@4     6ed10100     kernel32:KERNEL32.dll
 0002:00000104       __imp__HeapFree@12         6ed10104     kernel32:KERNEL32.dll
 0002:00000108       __imp__HeapAlloc@12        6ed10108     kernel32:KERNEL32.dll
 0002:0000010c       __imp__IsValidCodePage@4   6ed1010c     kernel32:KERNEL32.dll
 0002:00000110       __imp__GetACP@0            6ed10110     kernel32:KERNEL32.dll
 0002:00000114       __imp__GetOEMCP@0          6ed10114     kernel32:KERNEL32.dll
 0002:00000118       __imp__GetCPInfo@8         6ed10118     kernel32:KERNEL32.dll
 0002:0000011c       __imp__MultiByteToWideChar@24 6ed1011c     kernel32:KERNEL32.dll
 0002:00000120       __imp__SetLastError@4      6ed10120     kernel32:KERNEL32.dll
 0002:00000124       __imp__RaiseException@16   6ed10124     kernel32:KERNEL32.dll
 0002:00000128       __imp__ExitProcess@4       6ed10128     kernel32:KERNEL32.dll
 0002:0000012c       __imp__GetModuleHandleExW@12 6ed1012c     kernel32:KERNEL32.dll
 0002:00000130       __imp__GetProcessHeap@0    6ed10130     kernel32:KERNEL32.dll
 0002:00000134       \177KERNEL32_NULL_THUNK_DATA 6ed10134     kernel32:KERNEL32.dll
 0002:00000138       __imp__GetErrorInfo@8      6ed10138     oleaut32:OLEAUT32.dll
 0002:0000013c       __imp__VariantChangeType@16 6ed1013c     oleaut32:OLEAUT32.dll
 0002:00000140       __imp__VariantClear@4      6ed10140     oleaut32:OLEAUT32.dll
 0002:00000144       __imp__VariantInit@4       6ed10144     oleaut32:OLEAUT32.dll
 0002:00000148       __imp__SysAllocStringByteLen@8 6ed10148     oleaut32:OLEAUT32.dll
 0002:0000014c       __imp__SysStringLen@4      6ed1014c     oleaut32:OLEAUT32.dll
 0002:00000150       __imp__SysFreeString@4     6ed10150     oleaut32:OLEAUT32.dll
 0002:00000154       __imp__SysAllocString@4    6ed10154     oleaut32:OLEAUT32.dll
 0002:00000158       \177OLEAUT32_NULL_THUNK_DATA 6ed10158     oleaut32:OLEAUT32.dll
 0002:0000015c       __imp__apr_palloc@8        6ed1015c     libapr-1:libapr-1.dll
 0002:00000160       __imp__apr_pool_cleanup_register@16 6ed10160     libapr-1:libapr-1.dll
 0002:00000164       __imp__apr_psprintf        6ed10164     libapr-1:libapr-1.dll
 0002:00000168       __imp__apr_pool_userdata_setn@16 6ed10168     libapr-1:libapr-1.dll
 0002:0000016c       __imp__apr_pool_userdata_get@12 6ed1016c     libapr-1:libapr-1.dll
 0002:00000170       __imp__apr_pool_cleanup_kill@12 6ed10170     libapr-1:libapr-1.dll
 0002:00000174       __imp__apr_pool_cleanup_null 6ed10174     libapr-1:libapr-1.dll
 0002:00000178       __imp__apr_table_get@8     6ed10178     libapr-1:libapr-1.dll
 0002:0000017c       __imp__apr_pstrdup@8       6ed1017c     libapr-1:libapr-1.dll
 0002:00000180       __imp__apr_table_setn@12   6ed10180     libapr-1:libapr-1.dll
 0002:00000184       __imp__apr_table_unset@8   6ed10184     libapr-1:libapr-1.dll
 0002:00000188       __imp__apr_table_addn@12   6ed10188     libapr-1:libapr-1.dll
 0002:0000018c       \177libapr-1_NULL_THUNK_DATA 6ed1018c     libapr-1:libapr-1.dll
 0002:00000190       __imp__apr_base64_encode_binary@12 6ed10190     libaprutil-1:libaprutil-1.dll
 0002:00000194       __imp__apr_base64_decode_len@4 6ed10194     libaprutil-1:libaprutil-1.dll
 0002:00000198       __imp__apr_base64_decode_binary@8 6ed10198     libaprutil-1:libaprutil-1.dll
 0002:0000019c       __imp__apr_base64_encode_len@4 6ed1019c     libaprutil-1:libaprutil-1.dll
 0002:000001a0       \177libaprutil-1_NULL_THUNK_DATA 6ed101a0     libaprutil-1:libaprutil-1.dll
 0002:000001a4       __imp__ap_set_string_slot  6ed101a4     libhttpd:libhttpd.dll
 0002:000001a8       __imp__ap_add_version_component@8 6ed101a8     libhttpd:libhttpd.dll
 0002:000001ac       __imp__ap_hook_post_config@16 6ed101ac     libhttpd:libhttpd.dll
 0002:000001b0       __imp__ap_log_error_       6ed101b0     libhttpd:libhttpd.dll
 0002:000001b4       __imp__ap_register_auth_provider@24 6ed101b4     libhttpd:libhttpd.dll
 0002:000001b8       __imp__ap_hook_check_authn@20 6ed101b8     libhttpd:libhttpd.dll
 0002:000001bc       __imp__ap_auth_type@4      6ed101bc     libhttpd:libhttpd.dll
 0002:000001c0       __imp__ap_auth_name@4      6ed101c0     libhttpd:libhttpd.dll
 0002:000001c4       __imp__ap_getword_nulls@12 6ed101c4     libhttpd:libhttpd.dll
 0002:000001c8       __imp__ap_getword_white@8  6ed101c8     libhttpd:libhttpd.dll
 0002:000001cc       __imp__ap_getword_conf@8   6ed101cc     libhttpd:libhttpd.dll
 0002:000001d0       __imp__ap_log_rerror_      6ed101d0     libhttpd:libhttpd.dll
 0002:000001d4       __imp__ap_set_flag_slot    6ed101d4     libhttpd:libhttpd.dll
 0002:000001d8       \177libhttpd_NULL_THUNK_DATA 6ed101d8     libhttpd:libhttpd.dll
 0002:000001dc       __imp__OleRun@4            6ed101dc     ole32:ole32.dll
 0002:000001e0       __imp__CoCreateGuid@4      6ed101e0     ole32:ole32.dll
 0002:000001e4       __imp__StringFromGUID2@12  6ed101e4     ole32:ole32.dll
 0002:000001e8       __imp__CoInitializeEx@8    6ed101e8     ole32:ole32.dll
 0002:000001ec       __imp__CoUninitialize@0    6ed101ec     ole32:ole32.dll
 0002:000001f0       __imp__CoCreateInstance@20 6ed101f0     ole32:ole32.dll
 0002:000001f4       \177ole32_NULL_THUNK_DATA  6ed101f4     ole32:ole32.dll
 0002:000001f8       ___xc_a                    6ed101f8     LIBCMT:crt0init.obj
 0002:00000200       ___xc_z                    6ed10200     LIBCMT:crt0init.obj
 0002:00000204       ___xi_a                    6ed10204     LIBCMT:crt0init.obj
 0002:00000218       ___xi_z                    6ed10218     LIBCMT:crt0init.obj
 0002:0000021c       ___xp_a                    6ed1021c     LIBCMT:crt0init.obj
 0002:0000022c       ___xp_z                    6ed1022c     LIBCMT:crt0init.obj
 0002:00000230       ___xt_a                    6ed10230     LIBCMT:crt0init.obj
 0002:00000234       ___xt_z                    6ed10234     LIBCMT:crt0init.obj
 0002:000003f0       ??_C@_08CJAJMIDD@NTLMAuth?$AA@ 6ed103f0     mod_ntlm.obj
 0002:000003fc       ??_C@_0DB@GGLJODGG@set?5to?5?8on?8?5to?5activate?5NTLM?5aut@ 6ed103fc     mod_ntlm.obj
 0002:00000430       ??_C@_0O@BDDDCOLB@NTLMOfferNTLM?$AA@ 6ed10430     mod_ntlm.obj
 0002:00000440       ??_C@_0HD@CCPCGOLD@set?5to?5?8off?8?5to?5allow?5access?5con@ 6ed10440     mod_ntlm.obj
 0002:000004b4       ??_C@_0BC@ODNMODMH@NTLMAuthoritative?$AA@ 6ed104b4     mod_ntlm.obj
 0002:000004c8       ??_C@_0P@HLKKHJBG@NTLMOfferBasic?$AA@ 6ed104c8     mod_ntlm.obj
 0002:000004d8       ??_C@_0HK@NGPAFFBG@set?5to?5?8on?8?5to?5allow?5the?5client?5@ 6ed104d8     mod_ntlm.obj
 0002:00000554       ??_C@_0M@PAKJKNLI@NTLMPackage?$AA@ 6ed10554     mod_ntlm.obj
 0002:00000560       ??_C@_0EF@OEGKMLKI@set?5to?5the?5name?5of?5the?5package?5y@ 6ed10560     mod_ntlm.obj
 0002:000005a8       ??_C@_0N@MBFILICG@NTLMPackages?$AA@ 6ed105a8     mod_ntlm.obj
 0002:000005b8       ??_C@_0L@DNCBAEBO@NTLMDomain?$AA@ 6ed105b8     mod_ntlm.obj
 0002:000005c8       ??_C@_0KA@FIJHFPFC@set?5to?5the?5domain?5you?5want?5users@ 6ed105c8     mod_ntlm.obj
 0002:00000668       ??_C@_0BC@DFIFOOBG@NTLMDefaultDomain?$AA@ 6ed10668     mod_ntlm.obj
 0002:00000680       ??_C@_0KC@HIADHDME@set?5the?5default?5domain?5you?5want?5@ 6ed10680     mod_ntlm.obj
 0002:00000724       ??_C@_0P@BGCNPGFN@NTLMOmitDomain?$AA@ 6ed10724     mod_ntlm.obj
 0002:00000738       ??_C@_0GG@GIKHGEKP@set?5to?5?8on?8?5if?5you?5want?5the?5user@ 6ed10738     mod_ntlm.obj
 0002:000007a0       ??_C@_0BB@DDFFEIIC@NTLMUsernameCase?$AA@ 6ed107a0     mod_ntlm.obj
 0002:000007b8       ??_C@_0MK@FGCMAICB@set?5to?5?8lower?8?5if?5you?5want?5the?5u@ 6ed107b8     mod_ntlm.obj
 0002:00000884       ??_C@_0BI@BINMFHGB@NTLMRemoteUserAttribute?$AA@ 6ed10884     mod_ntlm.obj
 0002:0000089c       ??_C@_00CNPNBAHC@?$AA@     6ed1089c     mod_ntlm.obj
 0002:000008a0       ??_C@_0BD@MGIOMECN@NTLMBasicPreferred?$AA@ 6ed108a0     mod_ntlm.obj
 0002:000008b8       ??_C@_0EH@LOKPLKFB@set?5to?5?8on?8?5if?5you?5want?5basic?5au@ 6ed108b8     mod_ntlm.obj
 0002:00000900       ??_C@_0O@OAPFJEHE@NTLMMSIE3Hack?$AA@ 6ed10900     mod_ntlm.obj
 0002:00000910       ??_C@_0EB@HDBCBLOJ@set?5to?5?8on?8?5if?5you?5expect?5MSIE?53@ 6ed10910     mod_ntlm.obj
 0002:00000954       ??_C@_0BD@JAMLPPPA@NTLMPerRequestAuth?$AA@ 6ed10954     mod_ntlm.obj
 0002:00000968       ??_C@_0EM@IJBEANLG@set?5to?5?8on?8?5if?5you?5want?5authoriz@ 6ed10968     mod_ntlm.obj
 0002:000009b4       ??_C@_0O@CAOJIPGF@NTLMChainAuth?$AA@ 6ed109b4     mod_ntlm.obj
 0002:000009c8       ??_C@_0GI@EJLBJGBA@set?5to?5?8on?8?5if?5you?5want?5an?5alter@ 6ed109c8     mod_ntlm.obj
 0002:00000a30       ??_C@_0O@FFCGIANN@NTLMNotForced?$AA@ 6ed10a30     mod_ntlm.obj
 0002:00000a40       ??_C@_0JA@MOJFMJGN@Set?5to?5on?5to?5allow?5requests?5pass@ 6ed10a40     mod_ntlm.obj
 0002:00000ad0       ??_C@_0CN@MGHIOGHA@C?3?2Development?2mod_authn_ntlm?2sr@ 6ed10ad0     mod_ntlm.obj
 0002:00000b00       ??_C@_04KGCGDDND@NTLM?$AA@ 6ed10b00     mod_ntlm.obj
 0002:00000b08       ??_C@_0N@CFDKBOMP@SECURITY?4DLL?$AA@ 6ed10b08     mod_ntlm.obj
 0002:00000b18       ??_C@_0M@KNGJHLCL@SECUR32?4DLL?$AA@ 6ed10b18     mod_ntlm.obj
 0002:00000b24       ??_C@_0P@JGBLPPLN@mod_authn_ntlm?$AA@ 6ed10b24     mod_ntlm.obj
 0002:00000b34       ??_C@_0DB@DNGJOEMJ@?$CFs?3?5could?5not?5load?5security?5supp@ 6ed10b34     mod_ntlm.obj
 0002:00000b68       ??_C@_0BH@COAKKLLC@InitSecurityInterfaceA?$AA@ 6ed10b68     mod_ntlm.obj
 0002:00000b80       ??_C@_0EB@DLLDHBB@?$CFs?3?5could?5not?5locate?5security?5su@ 6ed10b80     mod_ntlm.obj
 0002:00000bc8       ??_C@_0FI@DMPPIFOF@?$CFs?3?5could?5not?5get?5security?5suppo@ 6ed10bc8     mod_ntlm.obj
 0002:00000c20       ??_C@_0M@JKECGFBG@?$CFs?1?$CFd?4?$CFd?4?$CFd?$AA@ 6ed10c20     mod_ntlm.obj
 0002:00000c2c       ??_C@_01GBGANLPD@0?$AA@    6ed10c2c     mod_ntlm.obj
 0002:00000c30       ??_C@_09NKMEKKDO@sspi?9user?$AA@ 6ed10c30     mod_ntlm.obj
 0002:00000c3c       ??_C@_05MLOONBDD@authz?$AA@ 6ed10c3c     mod_ntlm.obj
 0002:00000c44       ??_C@_0L@PHAINMDG@sspi?9group?$AA@ 6ed10c44     mod_ntlm.obj
 0002:00000c50       ??_C@_0BA@OLNFJGPO@valid?9sspi?9user?$AA@ 6ed10c50     mod_ntlm.obj
 0002:00000c68       ??_C@_0EC@BAKCMLJN@access?5to?5?$CFs?5failed?0?5reason?3?5una@ 6ed10c68     mod_ntlm_authentication.obj
 0002:00000cac       ??_C@_0DM@IJJOINCF@C?3?2Development?2mod_authn_ntlm?2sr@ 6ed10cac     mod_ntlm_authentication.obj
 0002:00000ce8       ??_C@_0CO@OHDFEEKP@user?5?$CFs?2?$CFs?3?5authentication?5failu@ 6ed10ce8     mod_ntlm_authentication.obj
 0002:00000d18       ??_C@_0CL@MMFLFAJG@user?5?$CFs?3?5authentication?5failure?5@ 6ed10d18     mod_ntlm_authentication.obj
 0002:00000d44       ??_C@_0DA@PBANOMLG@authentication?5failure?5for?5?$CC?$CFs?$CC?3@ 6ed10d44     mod_ntlm_authentication.obj
 0002:00000d74       ??_C@_0CC@JJBDPPLA@?0?5reason?3?5cannot?5generate?5contex@ 6ed10d74     mod_ntlm_authentication.obj
 0002:00000d98       ??_C@_0DF@EJCDKGML@access?5to?5?$CFs?5failed?0?5reason?3?5can@ 6ed10d98     mod_ntlm_authentication.obj
 0002:00000dd0       ??_C@_05IIDIPOEN@Lower?$AA@ 6ed10dd0     mod_ntlm_authentication.obj
 0002:00000dd8       ??_C@_05NDIGJFPE@Upper?$AA@ 6ed10dd8     mod_ntlm_authentication.obj
 0002:00000de0       ??_C@_0P@HOJGPHBA@Content?9Length?$AA@ 6ed10de0     mod_ntlm_authentication.obj
 0002:00000df0       ??_C@_04HCJEIHPL@POST?$AA@ 6ed10df0     mod_ntlm_authentication.obj
 0002:00000df8       ??_C@_0CI@CLEHMFKK@SSPI?3?5Testing?5for?5IE?5bug?0?5reques@ 6ed10df8     mod_ntlm_authentication.obj
 0002:00000e20       ??_C@_0BP@ODGFBAEK@SSPI?3?5Found?5empty?5POST?5request?$AA@ 6ed10e20     mod_ntlm_authentication.obj
 0002:00000e40       ??_C@_0DM@NBCAOGC@access?5to?5?$CFs?5failed?0?5reason?3?5can@ 6ed10e40     mod_ntlm_authentication.obj
 0002:00000e7c       ??_C@_04NCNBMHEJ@SSPI?$AA@ 6ed10e7c     mod_ntlm_authentication.obj
 0002:00000e84       ??_C@_0CN@DJCPMHNP@SSPI00001?3?5Entering?5authenticate@ 6ed10e84     mod_ntlm_authentication.obj
 0002:00000eb4       ??_C@_0DK@HEMEDLDL@SSPI00007?3?5access?5to?5?$CFs?5declined@ 6ed10eb4     mod_ntlm_authentication.obj
 0002:00000ef0       ??_C@_0EG@HAOICFIN@SSPI00002?3?5access?5to?5?$CFs?5failed?0?5@ 6ed10ef0     mod_ntlm_authentication.obj
 0002:00000f38       ??_C@_0EM@KFLEGFLB@SSPI00008?3?5access?5to?5?$CFs?5declined@ 6ed10f38     mod_ntlm_authentication.obj
 0002:00000f84       ??_C@_05NIKDGMHP@Basic?$AA@ 6ed10f84     mod_ntlm_authentication.obj
 0002:00000f8c       ??_C@_0CE@CDLGEGNN@SSPI?3?7starting?5IE?5re?5authenticat@ 6ed10f8c     mod_ntlm_authentication.obj
 0002:00000fb0       ??_C@_0CG@JJJCFBNO@SSPI?3?5Optional?5auth?5exercised?5ph@ 6ed10fb0     mod_ntlm_authentication.obj
 0002:00000fd8       ??_C@_0BN@OHJBCHDO@NT?5AUTHORITY?2ANONYMOUS?5LOGON?$AA@ 6ed10fd8     mod_ntlm_authentication.obj
 0002:00000ff8       ??_C@_0CG@LCLPACBN@SSPI?3?5Optional?5auth?5exercised?5ph@ 6ed10ff8     mod_ntlm_authentication.obj
 0002:00001020       ??_C@_0CG@KLKEDDFM@SSPI?3?5Optional?5auth?5exercised?5ph@ 6ed11020     mod_ntlm_authentication.obj
 0002:00001048       ??_C@_0CC@KBIGCAHF@SSPI00009?3?5Authenticated?5user?3?5?$CF@ 6ed11048     mod_ntlm_authentication.obj
 0002:00001070       ??_C@_0CB@PJJBNJIA@CheckTokenMembership?$CI?$CJ?3?5error?5?$CFd@ 6ed11070     mod_ntlm_authorization.obj
 0002:00001094       ??_C@_0DL@FKOBLEOG@C?3?2Development?2mod_authn_ntlm?2sr@ 6ed11094     mod_ntlm_authorization.obj
 0002:000010d0       ??_C@_0BP@DNNKCMBJ@LookupAccountName?$CI2?$CJ?3?5error?5?$CFd?$AA@ 6ed110d0     mod_ntlm_authorization.obj
 0002:000010f0       ??_C@_0DG@GIAMODNB@An?5error?5occured?5in?5is_member?$CI?$CJ?3@ 6ed110f0     mod_ntlm_authorization.obj
 0002:00001128       ??_C@_0BP@IABAEANH@LookupAccountName?$CI1?$CJ?3?5error?5?$CFd?$AA@ 6ed11128     mod_ntlm_authorization.obj
 0002:00001148       ??_C@_0DI@NKLIDADG@SSPI00004?3?5Access?5to?5?$CFs?5failed?0?5@ 6ed11148     mod_ntlm_authorization.obj
 0002:00001180       ??_C@_0DO@FAJLOKHK@SSPI00005?3?5Access?5to?5?$CFs?5failed?0?5@ 6ed11180     mod_ntlm_authorization.obj
 0002:000011c0       ??_C@_0EB@CMKGJHBD@SSPI00006?3?5Access?5to?5?$CFs?5failed?0?5@ 6ed111c0     mod_ntlm_authorization.obj
 0002:00001208       ??_C@_0GN@HEDGGILG@SSPI00003?3?5access?5to?5?$CFs?5failed?0?5@ 6ed11208     mod_ntlm_authorization.obj
 0002:0000127c       ??_C@_0BE@DCLKKIPG@Proxy?9Authorization?$AA@ 6ed1127c     mod_ntlm_interface.obj
 0002:00001290       ??_C@_0O@NAFGPKMI@Authorization?$AA@ 6ed11290     mod_ntlm_interface.obj
 0002:000012a0       ??_C@_0BD@GKJFGNG@Proxy?9Authenticate?$AA@ 6ed112a0     mod_ntlm_interface.obj
 0002:000012b4       ??_C@_0BB@KEDJJIFI@WWW?9Authenticate?$AA@ 6ed112b4     mod_ntlm_interface.obj
 0002:000012c8       ??_C@_0DP@NFFGPLN@client?5used?5wrong?5authentication@ 6ed112c8     mod_ntlm_interface.obj
 0002:00001308       ??_C@_0DH@GCGOCGNF@C?3?2Development?2mod_authn_ntlm?2sr@ 6ed11308     mod_ntlm_interface.obj
 0002:00001340       ??_C@_0BB@GEFAMELB@Basic?5realm?$DN?$CC?$CFs?$CC?$AA@ 6ed11340     mod_ntlm_interface.obj
 0002:00001354       ??_C@_05DNIIFBMG@?$CFs?5?$CFs?$AA@ 6ed11354     mod_ntlm_interface.obj
 0002:0000135c       __GUID_fd8256d0_fd15_11ce_abc4_02608c9e7553 6ed1135c     mod_ntlm_activeds.obj
 0002:0000136c       __GUID_5bb11929_afd1_11d2_9cb9_0000f87a369e 6ed1136c     mod_ntlm_activeds.obj
 0002:0000137c       _IID_IADsUser              6ed1137c     mod_ntlm_activeds.obj
 0002:0000138c       _CLSID_ADSystemInfo        6ed1138c     mod_ntlm_activeds.obj
 0002:0000139c       __GUID_00000000_0000_0000_c000_000000000046 6ed1139c     mod_ntlm_activeds.obj
 0002:000013b0       ??_7_com_error@@6B@        6ed113b0     mod_ntlm_activeds.obj
 0002:000013b4       ??_C@_1BA@MKHJNDJL@?$AAL?$AAD?$AAA?$AAP?$AA?3?$AA?1?$AA?1?$AA?$AA@ 6ed113b4     mod_ntlm_activeds.obj
 0002:000013c8       ??_7bad_alloc@std@@6B@     6ed113c8     LIBCMT:new.obj
 0002:000013d0       ??_C@_0P@GHFPNOJB@bad?5allocation?$AA@ 6ed113d0     LIBCMT:new.obj
 0002:000013e4       ??_7type_info@@6B@         6ed113e4     LIBCMT:typinfo.obj
 0002:000013e8       __pDefaultRawDllMain       6ed113e8     LIBCMT:dllcrt0.obj
 0002:000013e8       __pRawDllMain              6ed113e8     LIBCMT:dllcrt0.obj
 0002:00001404       ??_C@_1M@HPNHIDJI@?$AAj?$AAa?$AA?9?$AAJ?$AAP?$AA?$AA@ 6ed11404     LIBCMT:mbctype.obj
 0002:00001410       ??_C@_1M@BIBDDEMK@?$AAz?$AAh?$AA?9?$AAC?$AAN?$AA?$AA@ 6ed11410     LIBCMT:mbctype.obj
 0002:0000141c       ??_C@_1M@JLOOOEGK@?$AAk?$AAo?$AA?9?$AAK?$AAR?$AA?$AA@ 6ed1141c     LIBCMT:mbctype.obj
 0002:00001428       ??_C@_1M@CLNBBOPM@?$AAz?$AAh?$AA?9?$AAT?$AAW?$AA?$AA@ 6ed11428     LIBCMT:mbctype.obj
 0002:00001434       ??_C@_03KOEHGMDN@Sun?$AA@  6ed11434     LIBCMT:nlsdata.obj
 0002:00001438       ??_C@_03PDAGKDH@Mon?$AA@   6ed11438     LIBCMT:nlsdata.obj
 0002:0000143c       ??_C@_03NAGEINEP@Tue?$AA@  6ed1143c     LIBCMT:nlsdata.obj
 0002:00001440       ??_C@_03MHOMLAJA@Wed?$AA@  6ed11440     LIBCMT:nlsdata.obj
 0002:00001444       ??_C@_03IOFIKPDN@Thu?$AA@  6ed11444     LIBCMT:nlsdata.obj
 0002:00001448       ??_C@_03IDIOELNC@Fri?$AA@  6ed11448     LIBCMT:nlsdata.obj
 0002:0000144c       ??_C@_03FEFJNEK@Sat?$AA@   6ed1144c     LIBCMT:nlsdata.obj
 0002:00001450       ??_C@_06OOPIFAJ@Sunday?$AA@ 6ed11450     LIBCMT:nlsdata.obj
 0002:00001458       ??_C@_06JLEDEDGH@Monday?$AA@ 6ed11458     LIBCMT:nlsdata.obj
 0002:00001460       ??_C@_07BAAGCFCM@Tuesday?$AA@ 6ed11460     LIBCMT:nlsdata.obj
 0002:00001468       ??_C@_09DLIGFAKA@Wednesday?$AA@ 6ed11468     LIBCMT:nlsdata.obj
 0002:00001474       ??_C@_08HACCIKIA@Thursday?$AA@ 6ed11474     LIBCMT:nlsdata.obj
 0002:00001480       ??_C@_06JECMNKMI@Friday?$AA@ 6ed11480     LIBCMT:nlsdata.obj
 0002:00001488       ??_C@_08INBOOONO@Saturday?$AA@ 6ed11488     LIBCMT:nlsdata.obj
 0002:00001494       ??_C@_03JIHJHPIE@Jan?$AA@  6ed11494     LIBCMT:nlsdata.obj
 0002:00001498       ??_C@_03HJBDCHOM@Feb?$AA@  6ed11498     LIBCMT:nlsdata.obj
 0002:0000149c       ??_C@_03ODNJBKGA@Mar?$AA@  6ed1149c     LIBCMT:nlsdata.obj
 0002:000014a0       ??_C@_03LEOLGMJP@Apr?$AA@  6ed114a0     LIBCMT:nlsdata.obj
 0002:000014a4       ??_C@_03CNMDKL@May?$AA@    6ed114a4     LIBCMT:nlsdata.obj
 0002:000014a8       ??_C@_03IDFGHECI@Jun?$AA@  6ed114a8     LIBCMT:nlsdata.obj
 0002:000014ac       ??_C@_03LBGABGKK@Jul?$AA@  6ed114ac     LIBCMT:nlsdata.obj
 0002:000014b0       ??_C@_03IFJFEIGA@Aug?$AA@  6ed114b0     LIBCMT:nlsdata.obj
 0002:000014b4       ??_C@_03GGCAPAJC@Sep?$AA@  6ed114b4     LIBCMT:nlsdata.obj
 0002:000014b8       ??_C@_03BMAOKBAD@Oct?$AA@  6ed114b8     LIBCMT:nlsdata.obj
 0002:000014bc       ??_C@_03JPJOFNIA@Nov?$AA@  6ed114bc     LIBCMT:nlsdata.obj
 0002:000014c0       ??_C@_03MKABNOCG@Dec?$AA@  6ed114c0     LIBCMT:nlsdata.obj
 0002:000014c4       ??_C@_07CGJPFGJA@January?$AA@ 6ed114c4     LIBCMT:nlsdata.obj
 0002:000014cc       ??_C@_08GNJGEPFN@February?$AA@ 6ed114cc     LIBCMT:nlsdata.obj
 0002:000014d8       ??_C@_05HPCKOFNC@March?$AA@ 6ed114d8     LIBCMT:nlsdata.obj
 0002:000014e0       ??_C@_05DMJDNLEJ@April?$AA@ 6ed114e0     LIBCMT:nlsdata.obj
 0002:000014e8       ??_C@_04CNLMGBGM@June?$AA@ 6ed114e8     LIBCMT:nlsdata.obj
 0002:000014f0       ??_C@_04MIEPOIFP@July?$AA@ 6ed114f0     LIBCMT:nlsdata.obj
 0002:000014f8       ??_C@_06LBBHFDDG@August?$AA@ 6ed114f8     LIBCMT:nlsdata.obj
 0002:00001500       ??_C@_09BHHEALKD@September?$AA@ 6ed11500     LIBCMT:nlsdata.obj
 0002:0000150c       ??_C@_07JJNFCEND@October?$AA@ 6ed1150c     LIBCMT:nlsdata.obj
 0002:00001514       ??_C@_08HCHEGEOA@November?$AA@ 6ed11514     LIBCMT:nlsdata.obj
 0002:00001520       ??_C@_08EDHMEBNP@December?$AA@ 6ed11520     LIBCMT:nlsdata.obj
 0002:0000152c       ??_C@_02DEDBPAFC@AM?$AA@   6ed1152c     LIBCMT:nlsdata.obj
 0002:00001530       ??_C@_02CJNFDJBF@PM?$AA@   6ed11530     LIBCMT:nlsdata.obj
 0002:00001534       ??_C@_08BPBNCDIB@MM?1dd?1yy?$AA@ 6ed11534     LIBCMT:nlsdata.obj
 0002:00001540       ??_C@_0BE@CKGJFCPC@dddd?0?5MMMM?5dd?0?5yyyy?$AA@ 6ed11540     LIBCMT:nlsdata.obj
 0002:00001554       ??_C@_08JCCMCCIL@HH?3mm?3ss?$AA@ 6ed11554     LIBCMT:nlsdata.obj
 0002:00001560       ??_C@_17MBGCMIPB@?$AAS?$AAu?$AAn?$AA?$AA@ 6ed11560     LIBCMT:nlsdata.obj
 0002:00001568       ??_C@_17KBOMKBF@?$AAM?$AAo?$AAn?$AA?$AA@ 6ed11568     LIBCMT:nlsdata.obj
 0002:00001570       ??_C@_17BMKGEGOJ@?$AAT?$AAu?$AAe?$AA?$AA@ 6ed11570     LIBCMT:nlsdata.obj
 0002:00001578       ??_C@_17CJEDCEPE@?$AAW?$AAe?$AAd?$AA?$AA@ 6ed11578     LIBCMT:nlsdata.obj
 0002:00001580       ??_C@_17PDPHAADD@?$AAT?$AAh?$AAu?$AA?$AA@ 6ed11580     LIBCMT:nlsdata.obj
 0002:00001588       ??_C@_17HFOLPPLP@?$AAF?$AAr?$AAi?$AA?$AA@ 6ed11588     LIBCMT:nlsdata.obj
 0002:00001590       ??_C@_17GGIBDPIH@?$AAS?$AAa?$AAt?$AA?$AA@ 6ed11590     LIBCMT:nlsdata.obj
 0002:00001598       ??_C@_1O@IHNHDHPB@?$AAS?$AAu?$AAn?$AAd?$AAa?$AAy?$AA?$AA@ 6ed11598     LIBCMT:nlsdata.obj
 0002:000015a8       ??_C@_1O@MMNBFLIA@?$AAM?$AAo?$AAn?$AAd?$AAa?$AAy?$AA?$AA@ 6ed115a8     LIBCMT:nlsdata.obj
 0002:000015b8       ??_C@_1BA@ENFBFFEK@?$AAT?$AAu?$AAe?$AAs?$AAd?$AAa?$AAy?$AA?$AA@ 6ed115b8     LIBCMT:nlsdata.obj
 0002:000015c8       ??_C@_1BE@EBOGMDOH@?$AAW?$AAe?$AAd?$AAn?$AAe?$AAs?$AAd?$AAa?$AAy?$AA?$AA@ 6ed115c8     LIBCMT:nlsdata.obj
 0002:000015dc       ??_C@_1BC@HHMNLIHE@?$AAT?$AAh?$AAu?$AAr?$AAs?$AAd?$AAa?$AAy?$AA?$AA@ 6ed115dc     LIBCMT:nlsdata.obj
 0002:000015f0       ??_C@_1O@PDICJHAG@?$AAF?$AAr?$AAi?$AAd?$AAa?$AAy?$AA?$AA@ 6ed115f0     LIBCMT:nlsdata.obj
 0002:00001600       ??_C@_1BC@ENMNNPAJ@?$AAS?$AAa?$AAt?$AAu?$AAr?$AAd?$AAa?$AAy?$AA?$AA@ 6ed11600     LIBCMT:nlsdata.obj
 0002:00001614       ??_C@_17DKNBKCHM@?$AAJ?$AAa?$AAn?$AA?$AA@ 6ed11614     LIBCMT:nlsdata.obj
 0002:0000161c       ??_C@_17LMDJEKJN@?$AAF?$AAe?$AAb?$AA?$AA@ 6ed1161c     LIBCMT:nlsdata.obj
 0002:00001624       ??_C@_17CKNLEDEC@?$AAM?$AAa?$AAr?$AA?$AA@ 6ed11624     LIBCMT:nlsdata.obj
 0002:0000162c       ??_C@_17LFPOIHDD@?$AAA?$AAp?$AAr?$AA?$AA@ 6ed1162c     LIBCMT:nlsdata.obj
 0002:00001634       ??_C@_17PNNKMEED@?$AAM?$AAa?$AAy?$AA?$AA@ 6ed11634     LIBCMT:nlsdata.obj
 0002:0000163c       ??_C@_17KCJGOCPB@?$AAJ?$AAu?$AAn?$AA?$AA@ 6ed1163c     LIBCMT:nlsdata.obj
 0002:00001644       ??_C@_17IJPCKHK@?$AAJ?$AAu?$AAl?$AA?$AA@ 6ed11644     LIBCMT:nlsdata.obj
 0002:0000164c       ??_C@_17ICPELBCN@?$AAA?$AAu?$AAg?$AA?$AA@ 6ed1164c     LIBCMT:nlsdata.obj
 0002:00001654       ??_C@_17HCHCOKMG@?$AAS?$AAe?$AAp?$AA?$AA@ 6ed11654     LIBCMT:nlsdata.obj
 0002:0000165c       ??_C@_17FNLKOI@?$AAO?$AAc?$AAt?$AA?$AA@ 6ed1165c     LIBCMT:nlsdata.obj
 0002:00001664       ??_C@_17BBDMLCIG@?$AAN?$AAo?$AAv?$AA?$AA@ 6ed11664     LIBCMT:nlsdata.obj
 0002:0000166c       ??_C@_17EGKACKIF@?$AAD?$AAe?$AAc?$AA?$AA@ 6ed1166c     LIBCMT:nlsdata.obj
 0002:00001674       ??_C@_1BA@EFMEIEBA@?$AAJ?$AAa?$AAn?$AAu?$AAa?$AAr?$AAy?$AA?$AA@ 6ed11674     LIBCMT:nlsdata.obj
 0002:00001684       ??_C@_1BC@JGDDFFAM@?$AAF?$AAe?$AAb?$AAr?$AAu?$AAa?$AAr?$AAy?$AA?$AA@ 6ed11684     LIBCMT:nlsdata.obj
 0002:00001698       ??_C@_1M@IKEENEDF@?$AAM?$AAa?$AAr?$AAc?$AAh?$AA?$AA@ 6ed11698     LIBCMT:nlsdata.obj
 0002:000016a4       ??_C@_1M@GJNLMHFD@?$AAA?$AAp?$AAr?$AAi?$AAl?$AA?$AA@ 6ed116a4     LIBCMT:nlsdata.obj
 0002:000016b0       ??_C@_19EPFLPGAP@?$AAJ?$AAu?$AAn?$AAe?$AA?$AA@ 6ed116b0     LIBCMT:nlsdata.obj
 0002:000016bc       ??_C@_19BIFMLPCD@?$AAJ?$AAu?$AAl?$AAy?$AA?$AA@ 6ed116bc     LIBCMT:nlsdata.obj
 0002:000016c8       ??_C@_1O@PAHLKOAC@?$AAA?$AAu?$AAg?$AAu?$AAs?$AAt?$AA?$AA@ 6ed116c8     LIBCMT:nlsdata.obj
 0002:000016d8       ??_C@_1BE@DKAAMBJL@?$AAS?$AAe?$AAp?$AAt?$AAe?$AAm?$AAb?$AAe?$AAr?$AA?$AA@ 6ed116d8     LIBCMT:nlsdata.obj
 0002:000016ec       ??_C@_1BA@EPANDLNG@?$AAO?$AAc?$AAt?$AAo?$AAb?$AAe?$AAr?$AA?$AA@ 6ed116ec     LIBCMT:nlsdata.obj
 0002:000016fc       ??_C@_1BC@BGLIFPF@?$AAN?$AAo?$AAv?$AAe?$AAm?$AAb?$AAe?$AAr?$AA?$AA@ 6ed116fc     LIBCMT:nlsdata.obj
 0002:00001710       ??_C@_1BC@FEMKIFH@?$AAD?$AAe?$AAc?$AAe?$AAm?$AAb?$AAe?$AAr?$AA?$AA@ 6ed11710     LIBCMT:nlsdata.obj
 0002:00001724       ??_C@_15ODEHAHHF@?$AAA?$AAM?$AA?$AA@ 6ed11724     LIBCMT:nlsdata.obj
 0002:0000172c       ??_C@_15CLMNNGEL@?$AAP?$AAM?$AA?$AA@ 6ed1172c     LIBCMT:nlsdata.obj
 0002:00001734       ??_C@_1BC@IEBCMHCM@?$AAM?$AAM?$AA?1?$AAd?$AAd?$AA?1?$AAy?$AAy?$AA?$AA@ 6ed11734     LIBCMT:nlsdata.obj
 0002:00001748       ??_C@_1CI@KNAKOEBC@?$AAd?$AAd?$AAd?$AAd?$AA?0?$AA?5?$AAM?$AAM?$AAM?$AAM?$AA?5?$AAd?$AAd?$AA?0?$AA?5?$AAy?$AAy?$AAy?$AAy?$AA?$AA@ 6ed11748     LIBCMT:nlsdata.obj
 0002:00001770       ??_C@_1BC@GDGBMEMK@?$AAH?$AAH?$AA?3?$AAm?$AAm?$AA?3?$AAs?$AAs?$AA?$AA@ 6ed11770     LIBCMT:nlsdata.obj
 0002:00001784       ??_C@_1M@BMHNFIME@?$AAe?$AAn?$AA?9?$AAU?$AAS?$AA?$AA@ 6ed11784     LIBCMT:nlsdata.obj
 0002:00001814       ??_7exception@std@@6B@     6ed11814     LIBCMT:stdexcpt.obj
 0002:0000181c       ??_C@_0BC@EOODALEL@Unknown?5exception?$AA@ 6ed1181c     LIBCMT:stdexcpt.obj
 0002:00001850       __pDestructExceptionObject 6ed11850     LIBCMT:frame.obj
 0002:00001858       ??_7bad_exception@std@@6B@ 6ed11858     LIBCMT:frame.obj
 0002:00001860       ??_C@_0O@DPKOEFFH@bad?5exception?$AA@ 6ed11860     LIBCMT:frame.obj
 0002:00001870       __XcptActTab               6ed11870     LIBCMT:winxfltr.obj
 0002:00001900       __XcptActTabCount          6ed11900     LIBCMT:winxfltr.obj
 0002:00001904       __XcptActTabSize           6ed11904     LIBCMT:winxfltr.obj
 0002:00001908       __First_FPE_Indx           6ed11908     LIBCMT:winxfltr.obj
 0002:0000190c       __Num_FPE                  6ed1190c     LIBCMT:winxfltr.obj
 0002:00001910       ??_C@_1BI@BGOHAHKC@?$AAm?$AAs?$AAc?$AAo?$AAr?$AAe?$AAe?$AA?4?$AAd?$AAl?$AAl?$AA?$AA@ 6ed11910     LIBCMT:crt0dat.obj
 0002:00001928       ??_C@_0P@MIGLKIOC@CorExitProcess?$AA@ 6ed11928     LIBCMT:crt0dat.obj
 0002:00001938       ??_C@_1BK@MGMFAEKH@?$AAk?$AAe?$AAr?$AAn?$AAe?$AAl?$AA3?$AA2?$AA?4?$AAd?$AAl?$AAl?$AA?$AA@ 6ed11938     LIBCMT:winapisupp.obj
 0002:00001954       ??_C@_08KNHFBNJ@FlsAlloc?$AA@ 6ed11954     LIBCMT:winapisupp.obj
 0002:00001960       ??_C@_07PEJMOBNF@FlsFree?$AA@ 6ed11960     LIBCMT:winapisupp.obj
 0002:00001968       ??_C@_0M@GDNOONDI@FlsGetValue?$AA@ 6ed11968     LIBCMT:winapisupp.obj
 0002:00001974       ??_C@_0M@JCPCPOEF@FlsSetValue?$AA@ 6ed11974     LIBCMT:winapisupp.obj
 0002:00001980       ??_C@_0BM@HCFOFFN@InitializeCriticalSectionEx?$AA@ 6ed11980     LIBCMT:winapisupp.obj
 0002:0000199c       ??_C@_0BD@KIEEOEEH@CreateSemaphoreExW?$AA@ 6ed1199c     LIBCMT:winapisupp.obj
 0002:000019b0       ??_C@_0BI@BKLFFAPO@SetThreadStackGuarantee?$AA@ 6ed119b0     LIBCMT:winapisupp.obj
 0002:000019c8       ??_C@_0BG@OGFAJCKC@CreateThreadpoolTimer?$AA@ 6ed119c8     LIBCMT:winapisupp.obj
 0002:000019e0       ??_C@_0BD@LPLEMMDI@SetThreadpoolTimer?$AA@ 6ed119e0     LIBCMT:winapisupp.obj
 0002:000019f4       ??_C@_0CA@FMNJENH@WaitForThreadpoolTimerCallbacks?$AA@ 6ed119f4     LIBCMT:winapisupp.obj
 0002:00001a14       ??_C@_0BF@DCFCCNOC@CloseThreadpoolTimer?$AA@ 6ed11a14     LIBCMT:winapisupp.obj
 0002:00001a2c       ??_C@_0BF@FLABGKKM@CreateThreadpoolWait?$AA@ 6ed11a2c     LIBCMT:winapisupp.obj
 0002:00001a44       ??_C@_0BC@MGCOHNA@SetThreadpoolWait?$AA@ 6ed11a44     LIBCMT:winapisupp.obj
 0002:00001a58       ??_C@_0BE@OCIOMIMP@CloseThreadpoolWait?$AA@ 6ed11a58     LIBCMT:winapisupp.obj
 0002:00001a6c       ??_C@_0BJ@LKGHFHBO@FlushProcessWriteBuffers?$AA@ 6ed11a6c     LIBCMT:winapisupp.obj
 0002:00001a88       ??_C@_0BP@KALKKPMO@FreeLibraryWhenCallbackReturns?$AA@ 6ed11a88     LIBCMT:winapisupp.obj
 0002:00001aa8       ??_C@_0BK@DFNBACLA@GetCurrentProcessorNumber?$AA@ 6ed11aa8     LIBCMT:winapisupp.obj
 0002:00001ac4       ??_C@_0BP@KHGALBC@GetLogicalProcessorInformation?$AA@ 6ed11ac4     LIBCMT:winapisupp.obj
 0002:00001ae4       ??_C@_0BE@FKKLLFLM@CreateSymbolicLinkW?$AA@ 6ed11ae4     LIBCMT:winapisupp.obj
 0002:00001af8       ??_C@_0BJ@OHNKDLIJ@SetDefaultDllDirectories?$AA@ 6ed11af8     LIBCMT:winapisupp.obj
 0002:00001b14       ??_C@_0BE@LJANKFHF@EnumSystemLocalesEx?$AA@ 6ed11b14     LIBCMT:winapisupp.obj
 0002:00001b28       ??_C@_0BA@IHGNDAEB@CompareStringEx?$AA@ 6ed11b28     LIBCMT:winapisupp.obj
 0002:00001b38       ??_C@_0BA@EPCJIIPD@GetDateFormatEx?$AA@ 6ed11b38     LIBCMT:winapisupp.obj
 0002:00001b48       ??_C@_0BA@ONOKGCMP@GetLocaleInfoEx?$AA@ 6ed11b48     LIBCMT:winapisupp.obj
 0002:00001b58       ??_C@_0BA@CIJJKCJJ@GetTimeFormatEx?$AA@ 6ed11b58     LIBCMT:winapisupp.obj
 0002:00001b68       ??_C@_0BJ@PBCCBIPI@GetUserDefaultLocaleName?$AA@ 6ed11b68     LIBCMT:winapisupp.obj
 0002:00001b84       ??_C@_0BC@CELBKLLA@IsValidLocaleName?$AA@ 6ed11b84     LIBCMT:winapisupp.obj
 0002:00001b98       ??_C@_0O@KKBNKAPF@LCMapStringEx?$AA@ 6ed11b98     LIBCMT:winapisupp.obj
 0002:00001ba8       ??_C@_0BE@JOGNEJCI@GetCurrentPackageId?$AA@ 6ed11ba8     LIBCMT:winapisupp.obj
 0002:00001bc0       ??_C@_1FE@LLNEDJMD@?$AAR?$AA6?$AA0?$AA0?$AA8?$AA?$AN?$AA?6?$AA?9?$AA?5?$AAn?$AAo?$AAt?$AA?5?$AAe?$AAn?$AAo?$AAu?$AAg?$AAh?$AA?5?$AAs?$AAp?$AAa?$AAc?$AAe?$AA?5?$AAf?$AAo?$AAr?$AA?5?$AAa?$AAr@ 6ed11bc0     LIBCMT:crt0msg.obj
 0002:00001c18       ??_C@_1FI@HONFMGBI@?$AAR?$AA6?$AA0?$AA0?$AA9?$AA?$AN?$AA?6?$AA?9?$AA?5?$AAn?$AAo?$AAt?$AA?5?$AAe?$AAn?$AAo?$AAu?$AAg?$AAh?$AA?5?$AAs?$AAp?$AAa?$AAc?$AAe?$AA?5?$AAf?$AAo?$AAr?$AA?5?$AAe?$AAn@ 6ed11c18     LIBCMT:crt0msg.obj
 0002:00001c70       ??_C@_1EG@BEHAGFJD@?$AAR?$AA6?$AA0?$AA1?$AA0?$AA?$AN?$AA?6?$AA?9?$AA?5?$AAa?$AAb?$AAo?$AAr?$AAt?$AA?$CI?$AA?$CJ?$AA?5?$AAh?$AAa?$AAs?$AA?5?$AAb?$AAe?$AAe?$AAn?$AA?5?$AAc?$AAa?$AAl?$AAl?$AAe?$AAd@ 6ed11c70     LIBCMT:crt0msg.obj
 0002:00001cb8       ??_C@_1FI@LOGNIKDM@?$AAR?$AA6?$AA0?$AA1?$AA6?$AA?$AN?$AA?6?$AA?9?$AA?5?$AAn?$AAo?$AAt?$AA?5?$AAe?$AAn?$AAo?$AAu?$AAg?$AAh?$AA?5?$AAs?$AAp?$AAa?$AAc?$AAe?$AA?5?$AAf?$AAo?$AAr?$AA?5?$AAt?$AAh@ 6ed11cb8     LIBCMT:crt0msg.obj
 0002:00001d10       ??_C@_1FK@BEOGODMC@?$AAR?$AA6?$AA0?$AA1?$AA7?$AA?$AN?$AA?6?$AA?9?$AA?5?$AAu?$AAn?$AAe?$AAx?$AAp?$AAe?$AAc?$AAt?$AAe?$AAd?$AA?5?$AAm?$AAu?$AAl?$AAt?$AAi?$AAt?$AAh?$AAr?$AAe?$AAa?$AAd?$AA?5@ 6ed11d10     LIBCMT:crt0msg.obj
 0002:00001d70       ??_C@_1EC@JIBHAOPH@?$AAR?$AA6?$AA0?$AA1?$AA8?$AA?$AN?$AA?6?$AA?9?$AA?5?$AAu?$AAn?$AAe?$AAx?$AAp?$AAe?$AAc?$AAt?$AAe?$AAd?$AA?5?$AAh?$AAe?$AAa?$AAp?$AA?5?$AAe?$AAr?$AAr?$AAo?$AAr?$AA?$AN?$AA?6@ 6ed11d70     LIBCMT:crt0msg.obj
 0002:00001db8       ??_C@_1FC@ECHBIFBC@?$AAR?$AA6?$AA0?$AA1?$AA9?$AA?$AN?$AA?6?$AA?9?$AA?5?$AAu?$AAn?$AAa?$AAb?$AAl?$AAe?$AA?5?$AAt?$AAo?$AA?5?$AAo?$AAp?$AAe?$AAn?$AA?5?$AAc?$AAo?$AAn?$AAs?$AAo?$AAl?$AAe?$AA?5@ 6ed11db8     LIBCMT:crt0msg.obj
 0002:00001e10       ??_C@_1GK@FHCKBEFA@?$AAR?$AA6?$AA0?$AA2?$AA4?$AA?$AN?$AA?6?$AA?9?$AA?5?$AAn?$AAo?$AAt?$AA?5?$AAe?$AAn?$AAo?$AAu?$AAg?$AAh?$AA?5?$AAs?$AAp?$AAa?$AAc?$AAe?$AA?5?$AAf?$AAo?$AAr?$AA?5?$AA_?$AAo@ 6ed11e10     LIBCMT:crt0msg.obj
 0002:00001e80       ??_C@_1EM@MAADIHMB@?$AAR?$AA6?$AA0?$AA2?$AA5?$AA?$AN?$AA?6?$AA?9?$AA?5?$AAp?$AAu?$AAr?$AAe?$AA?5?$AAv?$AAi?$AAr?$AAt?$AAu?$AAa?$AAl?$AA?5?$AAf?$AAu?$AAn?$AAc?$AAt?$AAi?$AAo?$AAn?$AA?5?$AAc@ 6ed11e80     LIBCMT:crt0msg.obj
 0002:00001ed0       ??_C@_1GK@MCAAGJMO@?$AAR?$AA6?$AA0?$AA2?$AA6?$AA?$AN?$AA?6?$AA?9?$AA?5?$AAn?$AAo?$AAt?$AA?5?$AAe?$AAn?$AAo?$AAu?$AAg?$AAh?$AA?5?$AAs?$AAp?$AAa?$AAc?$AAe?$AA?5?$AAf?$AAo?$AAr?$AA?5?$AAs?$AAt@ 6ed11ed0     LIBCMT:crt0msg.obj
 0002:00001f40       ??_C@_1GK@MFGOKLAG@?$AAR?$AA6?$AA0?$AA2?$AA7?$AA?$AN?$AA?6?$AA?9?$AA?5?$AAn?$AAo?$AAt?$AA?5?$AAe?$AAn?$AAo?$AAu?$AAg?$AAh?$AA?5?$AAs?$AAp?$AAa?$AAc?$AAe?$AA?5?$AAf?$AAo?$AAr?$AA?5?$AAl?$AAo@ 6ed11f40     LIBCMT:crt0msg.obj
 0002:00001fb0       ??_C@_1EK@HHFLMAOL@?$AAR?$AA6?$AA0?$AA2?$AA8?$AA?$AN?$AA?6?$AA?9?$AA?5?$AAu?$AAn?$AAa?$AAb?$AAl?$AAe?$AA?5?$AAt?$AAo?$AA?5?$AAi?$AAn?$AAi?$AAt?$AAi?$AAa?$AAl?$AAi?$AAz?$AAe?$AA?5?$AAh?$AAe@ 6ed11fb0     LIBCMT:crt0msg.obj
 0002:00001ffc       ??_C@_1DO@BMFCDCD@?$AAR?$AA6?$AA0?$AA3?$AA0?$AA?$AN?$AA?6?$AA?9?$AA?5?$AAC?$AAR?$AAT?$AA?5?$AAn?$AAo?$AAt?$AA?5?$AAi?$AAn?$AAi?$AAt?$AAi?$AAa?$AAl?$AAi?$AAz?$AAe?$AAd?$AA?$AN?$AA?6?$AA?$AA@ 6ed11ffc     LIBCMT:crt0msg.obj
 0002:00002040       ??_C@_1MG@ENCOOIDF@?$AAR?$AA6?$AA0?$AA3?$AA1?$AA?$AN?$AA?6?$AA?9?$AA?5?$AAA?$AAt?$AAt?$AAe?$AAm?$AAp?$AAt?$AA?5?$AAt?$AAo?$AA?5?$AAi?$AAn?$AAi?$AAt?$AAi?$AAa?$AAl?$AAi?$AAz?$AAe?$AA?5?$AAt@ 6ed12040     LIBCMT:crt0msg.obj
 0002:00002108       ??_C@_1GG@GOPILAJP@?$AAR?$AA6?$AA0?$AA3?$AA2?$AA?$AN?$AA?6?$AA?9?$AA?5?$AAn?$AAo?$AAt?$AA?5?$AAe?$AAn?$AAo?$AAu?$AAg?$AAh?$AA?5?$AAs?$AAp?$AAa?$AAc?$AAe?$AA?5?$AAf?$AAo?$AAr?$AA?5?$AAl?$AAo@ 6ed12108     LIBCMT:crt0msg.obj
 0002:00002170       ??_C@_1BOO@KGEDBGAJ@?$AAR?$AA6?$AA0?$AA3?$AA3?$AA?$AN?$AA?6?$AA?9?$AA?5?$AAA?$AAt?$AAt?$AAe?$AAm?$AAp?$AAt?$AA?5?$AAt?$AAo?$AA?5?$AAu?$AAs?$AAe?$AA?5?$AAM?$AAS?$AAI?$AAL?$AA?5?$AAc?$AAo?$AAd@ 6ed12170     LIBCMT:crt0msg.obj
 0002:00002360       ??_C@_1GG@MKFPEKFO@?$AAR?$AA6?$AA0?$AA3?$AA4?$AA?$AN?$AA?6?$AA?9?$AA?5?$AAi?$AAn?$AAc?$AAo?$AAn?$AAs?$AAi?$AAs?$AAt?$AAe?$AAn?$AAt?$AA?5?$AAo?$AAn?$AAe?$AAx?$AAi?$AAt?$AA?5?$AAb?$AAe?$AAg@ 6ed12360     LIBCMT:crt0msg.obj
 0002:000023c8       ??_C@_1BO@BFCDCGC@?$AAD?$AAO?$AAM?$AAA?$AAI?$AAN?$AA?5?$AAe?$AAr?$AAr?$AAo?$AAr?$AA?$AN?$AA?6?$AA?$AA@ 6ed123c8     LIBCMT:crt0msg.obj
 0002:000023e8       ??_C@_1BK@KMOMNAAI@?$AAS?$AAI?$AAN?$AAG?$AA?5?$AAe?$AAr?$AAr?$AAo?$AAr?$AA?$AN?$AA?6?$AA?$AA@ 6ed123e8     LIBCMT:crt0msg.obj
 0002:00002404       ??_C@_1BM@JBBEPPHI@?$AAT?$AAL?$AAO?$AAS?$AAS?$AA?5?$AAe?$AAr?$AAr?$AAo?$AAr?$AA?$AN?$AA?6?$AA?$AA@ 6ed12404     LIBCMT:crt0msg.obj
 0002:00002420       ??_C@_15JNBOKNOG@?$AA?$AN?$AA?6?$AA?$AA@ 6ed12420     LIBCMT:crt0msg.obj
 0002:00002428       ??_C@_1BO@BKOMIGKJ@?$AAr?$AAu?$AAn?$AAt?$AAi?$AAm?$AAe?$AA?5?$AAe?$AAr?$AAr?$AAo?$AAr?$AA?5?$AA?$AA@ 6ed12428     LIBCMT:crt0msg.obj
 0002:00002500       ??_C@_1FK@PGACCAFB@?$AAR?$AA6?$AA0?$AA0?$AA2?$AA?$AN?$AA?6?$AA?9?$AA?5?$AAf?$AAl?$AAo?$AAa?$AAt?$AAi?$AAn?$AAg?$AA?5?$AAp?$AAo?$AAi?$AAn?$AAt?$AA?5?$AAs?$AAu?$AAp?$AAp?$AAo?$AAr?$AAt?$AA?5@ 6ed12500     LIBCMT:crt0msg.obj
 0002:0000255c       ??_C@_1DE@JNGNBFGO@?$AAR?$AAu?$AAn?$AAt?$AAi?$AAm?$AAe?$AA?5?$AAE?$AAr?$AAr?$AAo?$AAr?$AA?$CB?$AA?6?$AA?6?$AAP?$AAr?$AAo?$AAg?$AAr?$AAa?$AAm?$AA?3?$AA?5?$AA?$AA@ 6ed1255c     LIBCMT:crt0msg.obj
 0002:00002590       ??_C@_1CO@EAEJAADC@?$AA?$DM?$AAp?$AAr?$AAo?$AAg?$AAr?$AAa?$AAm?$AA?5?$AAn?$AAa?$AAm?$AAe?$AA?5?$AAu?$AAn?$AAk?$AAn?$AAo?$AAw?$AAn?$AA?$DO?$AA?$AA@ 6ed12590     LIBCMT:crt0msg.obj
 0002:000025c0       ??_C@_17LGKOMLJ@?$AA?4?$AA?4?$AA?4?$AA?$AA@ 6ed125c0     LIBCMT:crt0msg.obj
 0002:000025c8       ??_C@_15IABLJNFO@?$AA?6?$AA?6?$AA?$AA@ 6ed125c8     LIBCMT:crt0msg.obj
 0002:000025d0       ??_C@_1EK@MBDPDCGA@?$AAM?$AAi?$AAc?$AAr?$AAo?$AAs?$AAo?$AAf?$AAt?$AA?5?$AAV?$AAi?$AAs?$AAu?$AAa?$AAl?$AA?5?$AAC?$AA?$CL?$AA?$CL?$AA?5?$AAR?$AAu?$AAn?$AAt?$AAi?$AAm?$AAe?$AA?5?$AAL?$AAi?$AAb@ 6ed125d0     LIBCMT:crt0msg.obj
 0002:00002620       _LcidToLocaleNameTable     6ed12620     LIBCMT:winapinls.obj
 0002:00002d40       _LocaleNameToIndexTable    6ed12d40     LIBCMT:winapinls.obj
 0002:00003460       ??_C@_15EMKDOKLE@?$AAa?$AAr?$AA?$AA@ 6ed13460     LIBCMT:winapinls.obj
 0002:00003468       ??_C@_15KNPADPLH@?$AAb?$AAg?$AA?$AA@ 6ed13468     LIBCMT:winapinls.obj
 0002:00003470       ??_C@_15EDMHLDMO@?$AAc?$AAa?$AA?$AA@ 6ed13470     LIBCMT:winapinls.obj
 0002:00003478       ??_C@_1O@BPEAJADD@?$AAz?$AAh?$AA?9?$AAC?$AAH?$AAS?$AA?$AA@ 6ed13478     LIBCMT:winapinls.obj
 0002:00003488       ??_C@_15LJNHCMNK@?$AAc?$AAs?$AA?$AA@ 6ed13488     LIBCMT:winapinls.obj
 0002:00003490       ??_C@_15FOMCIDHG@?$AAd?$AAa?$AA?$AA@ 6ed13490     LIBCMT:winapinls.obj
 0002:00003498       ??_C@_15NBKABECB@?$AAd?$AAe?$AA?$AA@ 6ed13498     LIBCMT:winapinls.obj
 0002:000034a0       ??_C@_15GHPEIIAO@?$AAe?$AAl?$AA?$AA@ 6ed134a0     LIBCMT:winapinls.obj
 0002:000034a8       ??_C@_15MNPNEAIF@?$AAe?$AAn?$AA?$AA@ 6ed134a8     LIBCMT:winapinls.obj
 0002:000034b0       ??_C@_15GPIOMPMH@?$AAe?$AAs?$AA?$AA@ 6ed134b0     LIBCMT:winapinls.obj
 0002:000034b8       ??_C@_15NGLOAKJC@?$AAf?$AAi?$AA?$AA@ 6ed134b8     LIBCMT:winapinls.obj
 0002:000034c0       ??_C@_15FBKGNKAM@?$AAf?$AAr?$AA?$AA@ 6ed134c0     LIBCMT:winapinls.obj
 0002:000034c8       ??_C@_15KGGCNEFK@?$AAh?$AAe?$AA?$AA@ 6ed134c8     LIBCMT:winapinls.obj
 0002:000034d0       ??_C@_15PGHLIDMF@?$AAh?$AAu?$AA?$AA@ 6ed134d0     LIBCMT:winapinls.obj
 0002:000034d8       ??_C@_15BIEMAPLM@?$AAi?$AAs?$AA?$AA@ 6ed134d8     LIBCMT:winapinls.obj
 0002:000034e0       ??_C@_15IFJLDHAF@?$AAi?$AAt?$AA?$AA@ 6ed134e0     LIBCMT:winapinls.obj
 0002:000034e8       ??_C@_15GEMIOCAG@?$AAj?$AAa?$AA?$AA@ 6ed134e8     LIBCMT:winapinls.obj
 0002:000034f0       ??_C@_15EPELEGJA@?$AAk?$AAo?$AA?$AA@ 6ed134f0     LIBCMT:winapinls.obj
 0002:000034f8       ??_C@_15NDDHIMN@?$AAn?$AAl?$AA?$AA@ 6ed134f8     LIBCMT:winapinls.obj
 0002:00003500       ??_C@_15BPIGNHCD@?$AAn?$AAo?$AA?$AA@ 6ed13500     LIBCMT:winapinls.obj
 0002:00003508       ??_C@_15DEOPBLCG@?$AAp?$AAl?$AA?$AA@ 6ed13508     LIBCMT:winapinls.obj
 0002:00003510       ??_C@_15KBECGEFG@?$AAp?$AAt?$AA?$AA@ 6ed13510     LIBCMT:winapinls.obj
 0002:00003518       ??_C@_15GLJCBFMD@?$AAr?$AAo?$AA?$AA@ 6ed13518     LIBCMT:winapinls.obj
 0002:00003520       ??_C@_15FEDGKCDI@?$AAr?$AAu?$AA?$AA@ 6ed13520     LIBCMT:winapinls.obj
 0002:00003528       ??_C@_15GLKMLLHM@?$AAh?$AAr?$AA?$AA@ 6ed13528     LIBCMT:winapinls.obj
 0002:00003530       ??_C@_15CPKMFBDB@?$AAs?$AAk?$AA?$AA@ 6ed13530     LIBCMT:winapinls.obj
 0002:00003538       ??_C@_15BAAIOGMK@?$AAs?$AAq?$AA?$AA@ 6ed13538     LIBCMT:winapinls.obj
 0002:00003540       ??_C@_15INNPNOHD@?$AAs?$AAv?$AA?$AA@ 6ed13540     LIBCMT:winapinls.obj
 0002:00003548       ??_C@_15CABMMOGH@?$AAt?$AAh?$AA?$AA@ 6ed13548     LIBCMT:winapinls.obj
 0002:00003550       ??_C@_15BPLIHJJM@?$AAt?$AAr?$AA?$AA@ 6ed13550     LIBCMT:winapinls.obj
 0002:00003558       ??_C@_15NEOEKKDJ@?$AAu?$AAr?$AA?$AA@ 6ed13558     LIBCMT:winapinls.obj
 0002:00003560       ??_C@_15NFICGAJK@?$AAi?$AAd?$AA?$AA@ 6ed13560     LIBCMT:winapinls.obj
 0002:00003568       ??_C@_15PJPFLCCM@?$AAu?$AAk?$AA?$AA@ 6ed13568     LIBCMT:winapinls.obj
 0002:00003570       ??_C@_15HPJPHDM@?$AAb?$AAe?$AA?$AA@ 6ed13570     LIBCMT:winapinls.obj
 0002:00003578       ??_C@_15LCHLGJII@?$AAs?$AAl?$AA?$AA@ 6ed13578     LIBCMT:winapinls.obj
 0002:00003580       ??_C@_15PCFJPHHO@?$AAe?$AAt?$AA?$AA@ 6ed13580     LIBCMT:winapinls.obj
 0002:00003588       ??_C@_15HPFPGODN@?$AAl?$AAv?$AA?$AA@ 6ed13588     LIBCMT:winapinls.obj
 0002:00003590       ??_C@_15NFFGKGLG@?$AAl?$AAt?$AA?$AA@ 6ed13590     LIBCMT:winapinls.obj
 0002:00003598       ??_C@_15BDAKCCHN@?$AAf?$AAa?$AA?$AA@ 6ed13598     LIBCMT:winapinls.obj
 0002:000035a0       ??_C@_15NFGIAIAJ@?$AAv?$AAi?$AA?$AA@ 6ed135a0     LIBCMT:winapinls.obj
 0002:000035a8       ??_C@_15LMKNDMHN@?$AAh?$AAy?$AA?$AA@ 6ed135a8     LIBCMT:winapinls.obj
 0002:000035b0       ??_C@_15IJBHMCFL@?$AAa?$AAz?$AA?$AA@ 6ed135b0     LIBCMT:winapinls.obj
 0002:000035b8       ??_C@_15EKOFJABL@?$AAe?$AAu?$AA?$AA@ 6ed135b8     LIBCMT:winapinls.obj
 0002:000035c0       ??_C@_15BGHADCNK@?$AAm?$AAk?$AA?$AA@ 6ed135c0     LIBCMT:winapinls.obj
 0002:000035c8       ??_C@_15JDNICKHM@?$AAa?$AAf?$AA?$AA@ 6ed135c8     LIBCMT:winapinls.obj
 0002:000035d0       ??_C@_15KPJEDBKD@?$AAk?$AAa?$AA?$AA@ 6ed135d0     LIBCMT:winapinls.obj
 0002:000035d8       ??_C@_15PDNFFFEO@?$AAf?$AAo?$AA?$AA@ 6ed135d8     LIBCMT:winapinls.obj
 0002:000035e0       ??_C@_15OMLEGLOC@?$AAh?$AAi?$AA?$AA@ 6ed135e0     LIBCMT:winapinls.obj
 0002:000035e8       ??_C@_15IDNNENKK@?$AAm?$AAs?$AA?$AA@ 6ed135e8     LIBCMT:winapinls.obj
 0002:000035f0       ??_C@_15MACJNBMH@?$AAk?$AAk?$AA?$AA@ 6ed135f0     LIBCMT:winapinls.obj
 0002:000035f8       ??_C@_15DKDJEOND@?$AAk?$AAy?$AA?$AA@ 6ed135f8     LIBCMT:winapinls.obj
 0002:00003600       ??_C@_15DFGDLJBG@?$AAs?$AAw?$AA?$AA@ 6ed13600     LIBCMT:winapinls.obj
 0002:00003608       ??_C@_15BBFAICNG@?$AAu?$AAz?$AA?$AA@ 6ed13608     LIBCMT:winapinls.obj
 0002:00003610       ??_C@_15DKNDCGEA@?$AAt?$AAt?$AA?$AA@ 6ed13610     LIBCMT:winapinls.obj
 0002:00003618       ??_C@_15MGIFMDPL@?$AAp?$AAa?$AA?$AA@ 6ed13618     LIBCMT:winapinls.obj
 0002:00003620       ??_C@_15HCNDBBA@?$AAg?$AAu?$AA?$AA@ 6ed13620     LIBCMT:winapinls.obj
 0002:00003628       ??_C@_15FNBEIBON@?$AAt?$AAa?$AA?$AA@ 6ed13628     LIBCMT:winapinls.obj
 0002:00003630       ??_C@_15NCHGBGLK@?$AAt?$AAe?$AA?$AA@ 6ed13630     LIBCMT:winapinls.obj
 0002:00003638       ??_C@_15PHPHCBPF@?$AAk?$AAn?$AA?$AA@ 6ed13638     LIBCMT:winapinls.obj
 0002:00003640       ??_C@_15DLGBCKMP@?$AAm?$AAr?$AA?$AA@ 6ed13640     LIBCMT:winapinls.obj
 0002:00003648       ??_C@_15EABBLBFF@?$AAs?$AAa?$AA?$AA@ 6ed13648     LIBCMT:winapinls.obj
 0002:00003650       ??_C@_15CBKOMCOI@?$AAm?$AAn?$AA?$AA@ 6ed13650     LIBCMT:winapinls.obj
 0002:00003658       ??_C@_15CKDMCJAF@?$AAg?$AAl?$AA?$AA@ 6ed13658     LIBCMT:winapinls.obj
 0002:00003660       ??_C@_17CNJFBPG@?$AAk?$AAo?$AAk?$AA?$AA@ 6ed13660     LIBCMT:winapinls.obj
 0002:00003668       ??_C@_17FFBJICPL@?$AAs?$AAy?$AAr?$AA?$AA@ 6ed13668     LIBCMT:winapinls.obj
 0002:00003670       ??_C@_17KPNDCPAF@?$AAd?$AAi?$AAv?$AA?$AA@ 6ed13670     LIBCMT:winapinls.obj
 0002:00003678       ??_C@_11LOCGONAA@?$AA?$AA@ 6ed13678     LIBCMT:winapinls.obj
 0002:0000367c       ??_C@_1M@OKAHONE@?$AAa?$AAr?$AA?9?$AAS?$AAA?$AA?$AA@ 6ed1367c     LIBCMT:winapinls.obj
 0002:00003688       ??_C@_1M@FFFIGIGK@?$AAb?$AAg?$AA?9?$AAB?$AAG?$AA?$AA@ 6ed13688     LIBCMT:winapinls.obj
 0002:00003694       ??_C@_1M@BJNKEDC@?$AAc?$AAa?$AA?9?$AAE?$AAS?$AA?$AA@ 6ed13694     LIBCMT:winapinls.obj
 0002:000036a0       ??_C@_1M@IJJHFJHA@?$AAc?$AAs?$AA?9?$AAC?$AAZ?$AA?$AA@ 6ed136a0     LIBCMT:winapinls.obj
 0002:000036ac       ??_C@_1M@CLPEOBGI@?$AAd?$AAa?$AA?9?$AAD?$AAK?$AA?$AA@ 6ed136ac     LIBCMT:winapinls.obj
 0002:000036b8       ??_C@_1M@MCMADGCB@?$AAd?$AAe?$AA?9?$AAD?$AAE?$AA?$AA@ 6ed136b8     LIBCMT:winapinls.obj
 0002:000036c4       ??_C@_1M@OOCKEMAM@?$AAe?$AAl?$AA?9?$AAG?$AAR?$AA?$AA@ 6ed136c4     LIBCMT:winapinls.obj
 0002:000036d0       ??_C@_1M@DDNJFGID@?$AAf?$AAi?$AA?9?$AAF?$AAI?$AA?$AA@ 6ed136d0     LIBCMT:winapinls.obj
 0002:000036dc       ??_C@_1M@GLIPPMAC@?$AAf?$AAr?$AA?9?$AAF?$AAR?$AA?$AA@ 6ed136dc     LIBCMT:winapinls.obj
 0002:000036e8       ??_C@_1M@GFMCHPE@?$AAh?$AAe?$AA?9?$AAI?$AAL?$AA?$AA@ 6ed136e8     LIBCMT:winapinls.obj
 0002:000036f4       ??_C@_1M@MHLPGNKM@?$AAh?$AAu?$AA?9?$AAH?$AAU?$AA?$AA@ 6ed136f4     LIBCMT:winapinls.obj
 0002:00003700       ??_C@_1M@LPDDNNPN@?$AAi?$AAs?$AA?9?$AAI?$AAS?$AA?$AA@ 6ed13700     LIBCMT:winapinls.obj
 0002:0000370c       ??_C@_1M@MADIPODN@?$AAi?$AAt?$AA?9?$AAI?$AAT?$AA?$AA@ 6ed1370c     LIBCMT:winapinls.obj
 0002:00003718       ??_C@_1M@IHBJJGG@?$AAn?$AAl?$AA?9?$AAN?$AAL?$AA?$AA@ 6ed13718     LIBCMT:winapinls.obj
 0002:00003724       ??_C@_1M@EANAGDL@?$AAn?$AAb?$AA?9?$AAN?$AAO?$AA?$AA@ 6ed13724     LIBCMT:winapinls.obj
 0002:00003730       ??_C@_1M@NEIEMEGP@?$AAp?$AAl?$AA?9?$AAP?$AAL?$AA?$AA@ 6ed13730     LIBCMT:winapinls.obj
 0002:0000373c       ??_C@_1M@BOCFIGEP@?$AAp?$AAt?$AA?9?$AAB?$AAR?$AA?$AA@ 6ed1373c     LIBCMT:winapinls.obj
 0002:00003748       ??_C@_1M@IMPFOPBG@?$AAr?$AAo?$AA?9?$AAR?$AAO?$AA?$AA@ 6ed13748     LIBCMT:winapinls.obj
 0002:00003754       ??_C@_1M@IDNNEJMM@?$AAr?$AAu?$AA?9?$AAR?$AAU?$AA?$AA@ 6ed13754     LIBCMT:winapinls.obj
 0002:00003760       ??_C@_1M@LILEEOGM@?$AAh?$AAr?$AA?9?$AAH?$AAR?$AA?$AA@ 6ed13760     LIBCMT:winapinls.obj
 0002:0000376c       ??_C@_1M@FKIFEHPB@?$AAs?$AAk?$AA?9?$AAS?$AAK?$AA?$AA@ 6ed1376c     LIBCMT:winapinls.obj
 0002:00003778       ??_C@_1M@LJMAMNPJ@?$AAs?$AAq?$AA?9?$AAA?$AAL?$AA?$AA@ 6ed13778     LIBCMT:winapinls.obj
 0002:00003784       ??_C@_1M@GIAKDKJK@?$AAs?$AAv?$AA?9?$AAS?$AAE?$AA?$AA@ 6ed13784     LIBCMT:winapinls.obj
 0002:00003790       ??_C@_1M@MKJKIKCL@?$AAt?$AAh?$AA?9?$AAT?$AAH?$AA?$AA@ 6ed13790     LIBCMT:winapinls.obj
 0002:0000379c       ??_C@_1M@MFLCCMPB@?$AAt?$AAr?$AA?9?$AAT?$AAR?$AA?$AA@ 6ed1379c     LIBCMT:winapinls.obj
 0002:000037a8       ??_C@_1M@OIJHDKJN@?$AAu?$AAr?$AA?9?$AAP?$AAK?$AA?$AA@ 6ed137a8     LIBCMT:winapinls.obj
 0002:000037b4       ??_C@_1M@LHIPCIEK@?$AAi?$AAd?$AA?9?$AAI?$AAD?$AA?$AA@ 6ed137b4     LIBCMT:winapinls.obj
 0002:000037c0       ??_C@_1M@MFMOBGI@?$AAu?$AAk?$AA?9?$AAU?$AAA?$AA?$AA@ 6ed137c0     LIBCMT:winapinls.obj
 0002:000037cc       ??_C@_1M@OBGLJIPL@?$AAb?$AAe?$AA?9?$AAB?$AAY?$AA?$AA@ 6ed137cc     LIBCMT:winapinls.obj
 0002:000037d8       ??_C@_1M@BCFAJEAD@?$AAs?$AAl?$AA?9?$AAS?$AAI?$AA?$AA@ 6ed137d8     LIBCMT:winapinls.obj
 0002:000037e4       ??_C@_1M@FKFFEDDN@?$AAe?$AAt?$AA?9?$AAE?$AAE?$AA?$AA@ 6ed137e4     LIBCMT:winapinls.obj
 0002:000037f0       ??_C@_1M@KGKKAACI@?$AAl?$AAv?$AA?9?$AAL?$AAV?$AA?$AA@ 6ed137f0     LIBCMT:winapinls.obj
 0002:000037fc       ??_C@_1M@IFGBIJO@?$AAl?$AAt?$AA?9?$AAL?$AAT?$AA?$AA@ 6ed137fc     LIBCMT:winapinls.obj
[...]
 0001:000026e5       __catch$_SetRemoteUserAttribute$0 6ed036e5 f   mod_ntlm_activeds.obj
 0001:000028c0       $$000000                   6ed038c0     LIBCMT:exsup4.obj
 0001:00002950       __unwind_handler4          6ed03950 f   LIBCMT:exsup4.obj
 0001:00002a20       $$000000                   6ed03a20     LIBCMT:memset.obj
 0001:00002ab0       $$000000                   6ed03ab0     LIBCMT:strchr.obj
 0001:00002e3a       ?_strupr_s_l_stat@@YAHPADIPAUlocaleinfo_struct@@@Z 6ed03e3a f   LIBCMT:strupr.obj
 0001:00003111       ?CatchGuardHandler@@YA?AW4_EXCEPTION_DISPOSITION@@PAUEHExceptionRecord@@PAUCatchGuardRN@@PAX2@Z 6ed04111 f   LIBCMT:_trnsctrl_.obj
 0001:00003142       ?TranslatorGuardHandler@@YA?AW4_EXCEPTION_DISPOSITION@@PAUEHExceptionRecord@@PAUTranslatorGuardRN@@PAX2@Z 6ed04142 f   LIBCMT:_trnsctrl_.obj
 0001:000036d4       ___DllMainCRTStartup       6ed046d4 f   LIBCMT:dllcrt0.obj
 0001:00003a90       $$000000                   6ed04a90     LIBCMT:exsup.obj
 0001:00003ab0       __unwind_handler           6ed04ab0 f   LIBCMT:exsup.obj
 0001:00004402       ?CPtoLocaleName@@YAPB_WH@Z 6ed05402 f   LIBCMT:mbctype.obj
 0001:0000443c       ?getSystemCP@@YAHH@Z       6ed0543c f   LIBCMT:mbctype.obj
 0001:000044a8       ?setSBCS@@YAXPAUthreadmbcinfostruct@@@Z 6ed054a8 f   LIBCMT:mbctype.obj
 0001:00004511       ?setSBUpLow@@YAXPAUthreadmbcinfostruct@@@Z 6ed05511 f   LIBCMT:mbctype.obj
 0001:00004ae7       ?__crtLCMapStringA_stat@@YAHPAUlocaleinfo_struct@@PB_WKPBDHPADHHH@Z 6ed05ae7 f   LIBCMT:a_map.obj
 0001:000050e0       $$000000                   6ed060e0     LIBCMT:alloca16.obj
 0001:00005320       $$000000                   6ed06320     LIBCMT:memcpy.obj
 0001:00005570       LeadUpVec                  6ed06570     LIBCMT:memcpy.obj
 0001:000055ec       UnwindUpVec                6ed065ec     LIBCMT:memcpy.obj
 0001:00005658       TrailUpVec                 6ed06658     LIBCMT:memcpy.obj
 0001:000056fc       LeadDownVec                6ed066fc     LIBCMT:memcpy.obj
 0001:00005788       UnwindDownVec              6ed06788     LIBCMT:memcpy.obj
 0001:000057f4       TrailDownVec               6ed067f4     LIBCMT:memcpy.obj
 0001:00005970       $$000000                   6ed06970     LIBCMT:lowhelpr.obj
 0001:00005b22       ?CallCatchBlock@@YAPAXPAUEHExceptionRecord@@PAUEHRegistrationNode@@PAU_CONTEXT@@PBU_s_FuncInfo@@PAXHK@Z 6ed06b22 f   LIBCMT:frame.obj
 0001:00005cf0       ?CallUnexpected@@YAXPBU_s_ESTypeList@@@Z 6ed06cf0 f   LIBCMT:frame.obj
 0001:00005d18       __catch$?CallUnexpected@@YAXPBU_s_ESTypeList@@@Z$0 6ed06d18 f   LIBCMT:frame.obj
 0001:00005d30       ?CatchIt@@YAXPAUEHExceptionRecord@@PAUEHRegistrationNode@@PAU_CONTEXT@@PAXPBU_s_FuncInfo@@PBU_s_HandlerType@@PBU_s_CatchableType@@PBU_s_TryBlockMapEntry@@H1E@Z 6ed06d30 f   LIBCMT:frame.obj
 0001:00005dab       ?ExFilterRethrow@@YAHPAU_EXCEPTION_POINTERS@@@Z 6ed06dab f   LIBCMT:frame.obj
 0001:00005df8       ?FindHandler@@YAXPAUEHExceptionRecord@@PAUEHRegistrationNode@@PAU_CONTEXT@@PAXPBU_s_FuncInfo@@EH1@Z 6ed06df8 f   LIBCMT:frame.obj
 0001:00006193       ?FindHandlerForForeignException@@YAXPAUEHExceptionRecord@@PAUEHRegistrationNode@@PAU_CONTEXT@@PAXPBU_s_FuncInfo@@HH1@Z 6ed07193 f   LIBCMT:frame.obj
 0001:000062ad       ?IsInExceptionSpec@@YAEPAUEHExceptionRecord@@PBU_s_ESTypeList@@@Z 6ed072ad f   LIBCMT:frame.obj
 0001:000067d0       $$000000                   6ed077d0     LIBCMT:strcmp.obj
 0001:00006ca6       __initterm                 6ed07ca6 f   LIBCMT:crt0dat.obj
 0001:00006cf6       _doexit                    6ed07cf6 f   LIBCMT:crt0dat.obj
 0001:000071f3       _parse_cmdline             6ed081f3 f   LIBCMT:stdargv.obj
 0001:000079c0       $$000000                   6ed089c0     LIBCMT:sehprolg4.obj
 0001:00008295       ?__crtGetStringTypeA_stat@@YAHPAUlocaleinfo_struct@@KPBDHPAGHH@Z 6ed09295 f   LIBCMT:a_str.obj
 0001:00008500       $$000000                   6ed09500     LIBCMT:chkstk.obj
 0001:000086d0       $$000000                   6ed096d0     LIBCMT:strlen.obj
 0001:000087a0       $$000000                   6ed097a0     LIBCMT:memmove.obj
 0001:000089f0       LeadUpVec                  6ed099f0     LIBCMT:memmove.obj
 0001:00008a6c       UnwindUpVec                6ed09a6c     LIBCMT:memmove.obj
 0001:00008ad8       TrailUpVec                 6ed09ad8     LIBCMT:memmove.obj
 0001:00008b7c       LeadDownVec                6ed09b7c     LIBCMT:memmove.obj
 0001:00008c08       UnwindDownVec              6ed09c08     LIBCMT:memmove.obj
 0001:00008c74       TrailDownVec               6ed09c74     LIBCMT:memmove.obj
 0001:00008e98       __onexit_nolock            6ed09e98 f   LIBCMT:onexit.obj
 0001:0000917a       _siglookup                 6ed0a17a f   LIBCMT:winsig.obj
 0001:00009326       ?x_ismbbtype_l@@YAHPAUlocaleinfo_struct@@IHH@Z 6ed0a326 f   LIBCMT:ismbbyte.obj
 0001:000096e0       $$000000                   6ed0a6e0     LIBCMT:ulldvrm.obj
 0001:000098da       _flsall                    6ed0a8da f   LIBCMT:fflush.obj
 0001:0000a540       $$000000                   6ed0b540     LIBCMT:llmul.obj
 0001:0000b552       __cftoe2_l                 6ed0c552 f   LIBCMT:cvt.obj
 0001:0000b76d       __cftof2_l                 6ed0c76d f   LIBCMT:cvt.obj
 0001:0000bb97       __shift                    6ed0cb97 f   LIBCMT:cvt.obj
 0001:0000bc70       $$000000                   6ed0cc70     LIBCMT:strrchr.obj
 0001:0000c0d0       $$000000                   6ed0d0d0     LIBCMT:lldvrm.obj
 0001:0000c1b0       $$000000                   6ed0d1b0     LIBCMT:ullshr.obj
 0001:0000d458       $LN304                     6ed0e458     LIBCMT:strgtold.obj
 0001:0000de4c       ___hw_cw_sse2              6ed0ee4c f   LIBCMT:ieee87.obj
 0001:0000e1f5       __hw_cw                    6ed0f1f5 f   LIBCMT:ieee87.obj
 0001:0000e4f0       __unwindfunclet$??4_bstr_t@@QAEAAV0@ABV_variant_t@@@Z$0 6ed0f4f0 f   mod_ntlm_activeds.obj
 0001:0000e4f8       __ehhandler$??4_bstr_t@@QAEAAV0@ABV_variant_t@@@Z 6ed0f4f8 f   mod_ntlm_activeds.obj
 0001:0000e520       __unwindfunclet$??4_bstr_t@@QAEAAV0@PB_W@Z$0 6ed0f520 f   mod_ntlm_activeds.obj
 0001:0000e52b       __ehhandler$??4_bstr_t@@QAEAAV0@PB_W@Z 6ed0f52b f   mod_ntlm_activeds.obj
 0001:0000e550       __unwindfunclet$??H_bstr_t@@QBE?AV0@ABV0@@Z$0 6ed0f550 f   mod_ntlm_activeds.obj
 0001:0000e569       __ehhandler$??H_bstr_t@@QBE?AV0@ABV0@@Z 6ed0f569 f   mod_ntlm_activeds.obj
 0001:0000e590       __unwindfunclet$??0_bstr_t@@QAE@PBD@Z$0 6ed0f590 f   mod_ntlm_activeds.obj
 0001:0000e590       __unwindfunclet$??Y_bstr_t@@QAEAAV0@ABV0@@Z$0 6ed0f590 f   mod_ntlm_activeds.obj
 0001:0000e590       __unwindfunclet$??0_bstr_t@@QAE@PB_W@Z$0 6ed0f590 f   mod_ntlm_activeds.obj
 0001:0000e59b       __ehhandler$??0_bstr_t@@QAE@PBD@Z 6ed0f59b f   mod_ntlm_activeds.obj
 0001:0000e59b       __ehhandler$??0_bstr_t@@QAE@PB_W@Z 6ed0f59b f   mod_ntlm_activeds.obj
 0001:0000e59b       __ehhandler$??Y_bstr_t@@QAEAAV0@ABV0@@Z 6ed0f59b f   mod_ntlm_activeds.obj
 0001:0000e5c0       __unwindfunclet$?Get@IADs@ActiveDs@@QAE?AV_variant_t@@V_bstr_t@@@Z$0 6ed0f5c0 f   mod_ntlm_activeds.obj
 0001:0000e5c8       __ehhandler$?Get@IADs@ActiveDs@@QAE?AV_variant_t@@V_bstr_t@@@Z 6ed0f5c8 f   mod_ntlm_activeds.obj
 0001:0000e5f0       __unwindfunclet$?GetUserNameA@IADsADSystemInfo@ActiveDs@@QAE?AV_bstr_t@@XZ$1 6ed0f5f0 f   mod_ntlm_activeds.obj
 0001:0000e5fb       __ehhandler$?GetUserNameA@IADsADSystemInfo@ActiveDs@@QAE?AV_bstr_t@@XZ 6ed0f5fb f   mod_ntlm_activeds.obj
 0001:0000e620       __unwindfunclet$_SetRemoteUserAttribute$2 6ed0f620 f   mod_ntlm_activeds.obj
 0001:0000e628       __unwindfunclet$_SetRemoteUserAttribute$3 6ed0f628 f   mod_ntlm_activeds.obj
 0001:0000e630       __unwindfunclet$_SetRemoteUserAttribute$4 6ed0f630 f   mod_ntlm_activeds.obj
 0001:0000e638       __unwindfunclet$_SetRemoteUserAttribute$5 6ed0f638 f   mod_ntlm_activeds.obj
 0001:0000e640       __unwindfunclet$_SetRemoteUserAttribute$7 6ed0f640 f   mod_ntlm_activeds.obj
 0001:0000e648       __unwindfunclet$_SetRemoteUserAttribute$9 6ed0f648 f   mod_ntlm_activeds.obj
 0001:0000e650       __unwindfunclet$_SetRemoteUserAttribute$10 6ed0f650 f   mod_ntlm_activeds.obj
 0001:0000e658       __ehhandler$_SetRemoteUserAttribute 6ed0f658 f   mod_ntlm_activeds.obj
 0001:0000e673       __ehhandler$?CallUnexpected@@YAXPBU_s_ESTypeList@@@Z 6ed0f673 f   LIBCMT:frame.obj
 0001:0000e690       ??__EvtMissing@@YAXXZ      6ed0f690 f   comsuppw:comutil.obj
 0001:0000e6a0       ??__FvtMissing@@YAXXZ      6ed0f6a0 f   comsuppw:comutil.obj
 0002:000001fc       _vtMissing$initializer$    6ed101fc     comsuppw:comutil.obj
 0002:00000208       _pinit                     6ed10208     LIBCMT:cpu_disp.obj
 0002:0000020c       _pinit                     6ed1020c     LIBCMT:mbctype.obj
 0002:00000210       _pinit                     6ed10210     LIBCMT:onexit.obj
 0002:00000214       _pinit                     6ed10214     LIBCMT:_file.obj
 0002:00000220       _pterm                     6ed10220     LIBCMT:wsetloca.obj
 0002:00000224       _pterm                     6ed10224     LIBCMT:initcon.obj
 0002:00000228       _pterm                     6ed10228     LIBCMT:_file.obj
 0002:00000238       _aplog_module_index        6ed10238     mod_ntlm.obj
 0002:00000240       _sspi_cmds                 6ed10240     mod_ntlm.obj
 0002:000003d8       _authz_sspi_user_provider  6ed103d8     mod_ntlm.obj
 0002:000003e0       _authz_sspi_group_provider 6ed103e0     mod_ntlm.obj
 0002:000003e8       _authz_sspi_valid_provider 6ed103e8     mod_ntlm.obj
 0002:00000c60       _aplog_module_index        6ed10c60     mod_ntlm_authentication.obj
 0002:0000106c       _aplog_module_index        6ed1106c     mod_ntlm_authorization.obj
 0002:00001278       _aplog_module_index        6ed11278     mod_ntlm_interface.obj
 0002:000013ec       _GS_ExceptionPointers      6ed113ec     LIBCMT:gs_report.obj
 0002:000013f4       __mb_locale_names          6ed113f4     LIBCMT:mbctype.obj
 0002:00001790       __first_127char            6ed11790     LIBCMT:wsetloca.obj
 0002:00001830       ?ExceptionTemplate@?1??_CxxThrowException@@9@8@4UEHExceptionRecord@@B 6ed11830     LIBCMT:throw.obj
 0002:00002448       _rterrs                    6ed12448     LIBCMT:crt0msg.obj
 0002:00004ea8       _tokenTable                6ed14ea8     LIBCMT:undname.obj
 0002:00004edc       _rttiTable                 6ed14edc     LIBCMT:undname.obj
 0002:00004ef0       _nameTable                 6ed14ef0     LIBCMT:undname.obj
 0002:000058a8       __sehtable$_init_module    6ed158a8     mod_ntlm.obj
 0002:000058c4       __catchsym$_SetRemoteUserAttribute$12 6ed158c4     mod_ntlm_activeds.obj
 0002:000058d4       __tryblocktable$_SetRemoteUserAttribute 6ed158d4     mod_ntlm_activeds.obj
 0002:000058e8       __ehfuncinfo$_SetRemoteUserAttribute 6ed158e8     mod_ntlm_activeds.obj
 0002:0000590c       __unwindtable$_SetRemoteUserAttribute 6ed1590c     mod_ntlm_activeds.obj
 0002:00005954       __unwindtable$??4_bstr_t@@QAEAAV0@PB_W@Z 6ed15954     mod_ntlm_activeds.obj
 0002:0000595c       __ehfuncinfo$??4_bstr_t@@QAEAAV0@PB_W@Z 6ed1595c     mod_ntlm_activeds.obj
 0002:00005980       __unwindtable$??4_bstr_t@@QAEAAV0@ABV_variant_t@@@Z 6ed15980     mod_ntlm_activeds.obj
 0002:00005988       __ehfuncinfo$??4_bstr_t@@QAEAAV0@ABV_variant_t@@@Z 6ed15988     mod_ntlm_activeds.obj
 0002:000059ac       __unwindtable$??0_bstr_t@@QAE@PB_W@Z 6ed159ac     mod_ntlm_activeds.obj
 0002:000059ac       __unwindtable$??0_bstr_t@@QAE@PBD@Z 6ed159ac     mod_ntlm_activeds.obj
 0002:000059ac       __unwindtable$??Y_bstr_t@@QAEAAV0@ABV0@@Z 6ed159ac     mod_ntlm_activeds.obj
 0002:000059b4       __ehfuncinfo$??Y_bstr_t@@QAEAAV0@ABV0@@Z 6ed159b4     mod_ntlm_activeds.obj
 0002:000059b4       __ehfuncinfo$??0_bstr_t@@QAE@PBD@Z 6ed159b4     mod_ntlm_activeds.obj
 0002:000059b4       __ehfuncinfo$??0_bstr_t@@QAE@PB_W@Z 6ed159b4     mod_ntlm_activeds.obj
 0002:000059d8       __unwindtable$??H_bstr_t@@QBE?AV0@ABV0@@Z 6ed159d8     mod_ntlm_activeds.obj
 0002:000059e0       __ehfuncinfo$??H_bstr_t@@QBE?AV0@ABV0@@Z 6ed159e0     mod_ntlm_activeds.obj
 0002:00005a04       __unwindtable$?Get@IADs@ActiveDs@@QAE?AV_variant_t@@V_bstr_t@@@Z 6ed15a04     mod_ntlm_activeds.obj
 0002:00005a0c       __ehfuncinfo$?Get@IADs@ActiveDs@@QAE?AV_variant_t@@V_bstr_t@@@Z 6ed15a0c     mod_ntlm_activeds.obj
 0002:00005a30       __unwindtable$?GetUserNameA@IADsADSystemInfo@ActiveDs@@QAE?AV_bstr_t@@XZ 6ed15a30     mod_ntlm_activeds.obj
 0002:00005a38       __ehfuncinfo$?GetUserNameA@IADsADSystemInfo@ActiveDs@@QAE?AV_bstr_t@@XZ 6ed15a38     mod_ntlm_activeds.obj
 0002:00005ab0       __sehtable$__CRT_INIT@12   6ed15ab0     LIBCMT:dllcrt0.obj
 0002:00005ad0       __sehtable$___DllMainCRTStartup 6ed15ad0     LIBCMT:dllcrt0.obj
 0002:00005af0       __sehtable$__IsNonwritableInCurrentImage 6ed15af0     LIBCMT:pesect.obj
 0002:00005b10       __sehtable$___updatetlocinfo 6ed15b10     LIBCMT:localref.obj
 0002:00005b30       __sehtable$___updatetmbcinfo 6ed15b30     LIBCMT:mbctype.obj
 0002:00005b50       __sehtable$__setmbcp       6ed15b50     LIBCMT:mbctype.obj
 0002:00005b70       __sehtable$__freefls@4     6ed15b70     LIBCMT:tidtable.obj
 0002:00005b98       __sehtable$__initptd       6ed15b98     LIBCMT:tidtable.obj
 0002:00005bc0       __sehtable$__locterm       6ed15bc0     LIBCMT:wsetloca.obj
 0002:00005be0       __sehtable$?terminate@@YAXXZ 6ed15be0     LIBCMT:hooks.obj
 0002:00005c00       __sehtable$?_inconsistency@@YAXXZ 6ed15c00     LIBCMT:hooks.obj
 0002:00005c20       __sehtable$___FrameUnwindToState 6ed15c20     LIBCMT:frame.obj
 0002:00005c48       __sehtable$?CallCatchBlock@@YAPAXPAUEHExceptionRecord@@PAUEHRegistrationNode@@PAU_CONTEXT@@PBU_s_FuncInfo@@PAXHK@Z 6ed15c48     LIBCMT:frame.obj
 0002:00005c70       __sehtable$___BuildCatchObject 6ed15c70     LIBCMT:frame.obj
 0002:00005c90       __sehtable$___DestructExceptionObject 6ed15c90     LIBCMT:frame.obj
 0002:00005cac       __catchsym$?CallUnexpected@@YAXPBU_s_ESTypeList@@@Z$2 6ed15cac     LIBCMT:frame.obj
 0002:00005cbc       __unwindtable$?CallUnexpected@@YAXPBU_s_ESTypeList@@@Z 6ed15cbc     LIBCMT:frame.obj
 0002:00005ccc       __tryblocktable$?CallUnexpected@@YAXPBU_s_ESTypeList@@@Z 6ed15ccc     LIBCMT:frame.obj
 0002:00005ce0       __ehfuncinfo$?CallUnexpected@@YAXPBU_s_ESTypeList@@@Z 6ed15ce0     LIBCMT:frame.obj
 0002:00005d08       __sehtable$___BuildCatchObjectHelper 6ed15d08     LIBCMT:frame.obj
 0002:00005d60       __sehtable$?_Type_info_dtor@type_info@@CAXPAV1@@Z 6ed15d60     LIBCMT:typname.obj
 0002:00005d80       __sehtable$_doexit         6ed15d80     LIBCMT:crt0dat.obj
 0002:00005da0       __sehtable$__ioinit        6ed15da0     LIBCMT:ioinit.obj
 0002:00005dc0       __sehtable$__mtinitlocknum 6ed15dc0     LIBCMT:mlock.obj
 0002:00005de0       __sehtable$__onexit        6ed15de0     LIBCMT:onexit.obj
 0002:00005e00       __sehtable$_raise          6ed15e00     LIBCMT:winsig.obj
 0002:00005e20       __sehtable$_flsall         6ed15e20     LIBCMT:fflush.obj
 0002:00005e48       __sehtable$__fcloseall     6ed15e48     LIBCMT:closeall.obj
 0002:00005e68       __sehtable$__commit        6ed15e68     LIBCMT:commit.obj
 0002:00005e88       __sehtable$__write         6ed15e88     LIBCMT:write.obj
 0002:00005ea8       __sehtable$_fclose         6ed15ea8     LIBCMT:fclose.obj
 0002:00005ec8       __sehtable$___lock_fhandle 6ed15ec8     LIBCMT:osfinfo.obj
 0002:00005ee8       __sehtable$__close         6ed15ee8     LIBCMT:close.obj
 0002:00005f08       __sehtable$?ConvertStringToBSTR@_com_util@@YGPA_WPBD@Z 6ed15f08     comsuppw:comutil.obj
 0002:00005f58       __sehtable$___set_fpsr_sse2 6ed15f58     LIBCMT:fpctrl.obj
 0002:00006346       .idata$6                   6ed16346     libhttpd:libhttpd.dll
 0002:0000646a       .idata$6                   6ed1646a     libapr-1:libapr-1.dll
 0002:000064ee       .idata$6                   6ed164ee     libaprutil-1:libaprutil-1.dll
 0002:000065d0       .idata$6                   6ed165d0     kernel32:KERNEL32.dll
 0002:0000661e       .idata$6                   6ed1661e     advapi32:ADVAPI32.dll
 0002:00006690       .idata$6                   6ed16690     ole32:ole32.dll
 0002:0000669a       .idata$6                   6ed1669a     activeds:ACTIVEDS.dll
 0002:000066a8       .idata$6                   6ed166a8     oleaut32:OLEAUT32.dll
 0002:00006b00       .edata                     6ed16b00     mod_authn_ntlm.exp
 0002:00006b28       rgpv                       6ed16b28     mod_authn_ntlm.exp
 0002:00006b2c       rgszName                   6ed16b2c     mod_authn_ntlm.exp
 0002:00006b30       rgwOrd                     6ed16b30     mod_authn_ntlm.exp
 0002:00006b32       szName                     6ed16b32     mod_authn_ntlm.exp
 0002:00006b44       $N00001                    6ed16b44     mod_authn_ntlm.exp
 0003:000000dc       ___rgctypeflag             6ed170dc     LIBCMT:mbctype.obj
 0003:000000e0       ___rgcode_page_info        6ed170e0     LIBCMT:mbctype.obj
 0003:00000600       _errtable                  6ed17600     LIBCMT:dosmap.obj
 0003:00000768       _ErrnoNoMem                6ed17768     LIBCMT:dosmap.obj
 0003:0000076c       _DoserrorNoMem             6ed1776c     LIBCMT:dosmap.obj
 0003:000009a0       __ctype_loc_style          6ed179a0     LIBCMT:wsetloca.obj
 0003:00000a10       ?isPackaged@?1??__crtIsPackagedApp@@9@9 6ed17a10     LIBCMT:winapisupp.obj
 0003:00000a20       __locktable                6ed17a20     LIBCMT:mlock.obj
 0003:00000e90       _DoubleFormat              6ed17e90     LIBCMT:intrncvt.obj
 0003:00000ea8       _FloatFormat               6ed17ea8     LIBCMT:intrncvt.obj
 0003:0000117c       _over                      6ed1817c     LIBCMT:fpctrl.obj
 0003:00001188       _under                     6ed18188     LIBCMT:fpctrl.obj
 0003:00001194       ?__DAZ_ENABLED@?1??__set_fpsr_sse2@@9@9 6ed18194     LIBCMT:fpctrl.obj
 0003:000011fc       ___proc_attached           6ed181fc     LIBCMT:dllcrt0.obj
 0003:00001208       _GS_ExceptionRecord        6ed18208     LIBCMT:gs_report.obj
 0003:00001258       _GS_ContextRecord          6ed18258     LIBCMT:gs_report.obj
 0003:00001524       _DebuggerWasPresent        6ed18524     LIBCMT:gs_report.obj
 0003:0000154c       _fSystemSet                6ed1854c     LIBCMT:mbctype.obj
 0003:0000155c       ___type_info_root_node     6ed1855c     LIBCMT:typname.obj
 0003:000016a0       ?_pgmname@?1??_setargv@@9@9 6ed186a0     LIBCMT:stdargv.obj
 0003:000017b8       ?outmsg@?8??_NMSG_WRITE@@9@9 6ed187b8     LIBCMT:crt0msg.obj
 0003:00001de8       _lclcritsects              6ed18de8     LIBCMT:mlock.obj
 0003:00001f40       ___crtCallProc             6ed18f40     LIBCMT:winapinls.obj
 0003:00001f6c       _heap                      6ed18f6c     LIBCMT:undname.obj
 0003:00001f84       _g_pfnRtlGenRandom         6ed18f84     LIBCMT:rand_s.obj
 0003:00001f88       _ctrlc_action              6ed18f88     LIBCMT:winsig.obj
 0003:00001f8c       _ctrlbreak_action          6ed18f8c     LIBCMT:winsig.obj
 0003:00001f90       _abort_action              6ed18f90     LIBCMT:winsig.obj
 0003:00001f94       _term_action               6ed18f94     LIBCMT:winsig.obj
 0003:00001f98       _ConsoleCtrlHandler_Installed 6ed18f98     LIBCMT:winsig.obj
 0003:00001fac       ?pfnMessageBox@?1??__crtMessageBoxW@@9@9 6ed18fac     LIBCMT:crtmboxw.obj
 0003:00001fb0       ?pfnGetActiveWindow@?1??__crtMessageBoxW@@9@9 6ed18fb0     LIBCMT:crtmboxw.obj
 0003:00001fb4       ?pfnGetLastActivePopup@?1??__crtMessageBoxW@@9@9 6ed18fb4     LIBCMT:crtmboxw.obj
 0003:00001fb8       ?pfnGetProcessWindowStation@?1??__crtMessageBoxW@@9@9 6ed18fb8     LIBCMT:crtmboxw.obj
 0003:00001fbc       ?pfnGetUserObjectInformation@?1??__crtMessageBoxW@@9@9 6ed18fbc     LIBCMT:crtmboxw.obj
